<html>
<body>
<pre>
<h1>µVision Build Log</h1>
<h2>Tool Versions:</h2>
IDE-Version: µVision V5.39.0.0
Copyright (C) 2023 ARM Ltd and ARM Germany GmbH. All rights reserved.
License Information: Davut Büyükþimþek, Abdullah Gül University, LIC=----
 
Tool Versions:
Toolchain:       MDK-Lite  Version: 5.39.0.0
Toolchain Path:  C:\Keil_v5\ARM\ARMCLANG\Bin
C Compiler:      ArmClang.exe V6.21
Assembler:       Armasm.exe V6.21
Linker/Locator:  ArmLink.exe V6.21
Library Manager: ArmAr.exe V6.21
Hex Converter:   FromElf.exe V6.21
CPU DLL:         SARMCM3.DLL V5.39.0.0
Dialog DLL:      DARMSTM.DLL V1.69.1.0
Target DLL:      STLink\ST-LINKIII-KEIL_SWO.dll V3.2.0.0
Dialog DLL:      TCM.DLL V1.56.4.0
 
<h2>Project:</h2>
C:\Users\buyuk\OneDrive\Belgeler\GitHub\Whac-A-Mole-With-Gun\projectdeneme\MDK-ARM\projectdeneme.uvprojx
Project File Date:  05/27/2024

<h2>Output:</h2>
*** Using Compiler 'V6.21', folder: 'C:\Keil_v5\ARM\ARMCLANG\Bin'
Build target 'projectdeneme'
../Core/Src/main.c(125): warning: initializing 'uint8_t *' (aka 'unsigned char *') with an expression of type 'char[25]' converts between pointers to integer types where one is of the unique plain 'char' type and the other is not [-Wpointer-sign]
  125 |         uint8_t *Welcome_msg = {"Write name of player1.\r\n"};
      |                                 ^~~~~~~~~~~~~~~~~~~~~~~~~~~~
../Core/Src/main.c(126): warning: initializing 'uint8_t *' (aka 'unsigned char *') with an expression of type 'char[3]' converts between pointers to integer types where one is of the unique plain 'char' type and the other is not [-Wpointer-sign]
  126 |         uint8_t *new_line = {"\r\n"};
      |                              ^~~~~~
../Core/Src/main.c(127): warning: initializing 'uint8_t *' (aka 'unsigned char *') with an expression of type 'char[25]' converts between pointers to integer types where one is of the unique plain 'char' type and the other is not [-Wpointer-sign]
  127 |         uint8_t *Welcome_msg2 = {"Write name of player2.\r\n"};
      |                                  ^~~~~~~~~~~~~~~~~~~~~~~~~~~~
3 warnings generated.
compiling main.c...
linking...
Program Size: Code=22332 RO-data=512 RW-data=100 ZI-data=2396  
FromELF: creating hex file...
"projectdeneme\projectdeneme.axf" - 0 Error(s), 3 Warning(s).

<h2>Software Packages used:</h2>

Package Vendor: ARM
                https://www.keil.com/pack/ARM.CMSIS.6.0.0.pack
                ARM::CMSIS@6.0.0
                CMSIS (Common Microcontroller Software Interface Standard)
   * Component: CORE Version: 6.0.0

Package Vendor: Keil
                https://www.keil.com/pack/Keil.STM32F1xx_DFP.2.4.1.pack
                Keil::STM32F1xx_DFP@2.4.1
                STMicroelectronics STM32F1 Series Device Support, Drivers and Examples

<h2>Collection of Component include folders:</h2>
  ./RTE/_projectdeneme
  C:/Users/buyuk/AppData/Local/Arm/Packs/ARM/CMSIS/6.0.0/CMSIS/Core/Include
  C:/Users/buyuk/AppData/Local/Arm/Packs/Keil/STM32F1xx_DFP/2.4.1/Device/Include

<h2>Collection of Component Files used:</h2>

   * Component: ARM::CMSIS:CORE@6.0.0
      Include file:  CMSIS/Core/Include/tz_context.h
Build Time Elapsed:  00:00:00
</pre>
</body>
</html>
