Component: Arm Compiler for Embedded 6.21 Tool: armlink [5ec1fa00]

==============================================================================

Section Cross References

    startup_stm32f103x6.o(STACK) refers (Special) to heapauxi.o(.text) for __use_two_region_memory
    startup_stm32f103x6.o(HEAP) refers (Special) to heapauxi.o(.text) for __use_two_region_memory
    startup_stm32f103x6.o(RESET) refers (Special) to heapauxi.o(.text) for __use_two_region_memory
    startup_stm32f103x6.o(RESET) refers to startup_stm32f103x6.o(STACK) for __initial_sp
    startup_stm32f103x6.o(RESET) refers to startup_stm32f103x6.o(.text) for Reset_Handler
    startup_stm32f103x6.o(RESET) refers to stm32f1xx_it.o(.text.NMI_Handler) for NMI_Handler
    startup_stm32f103x6.o(RESET) refers to stm32f1xx_it.o(.text.HardFault_Handler) for HardFault_Handler
    startup_stm32f103x6.o(RESET) refers to stm32f1xx_it.o(.text.MemManage_Handler) for MemManage_Handler
    startup_stm32f103x6.o(RESET) refers to stm32f1xx_it.o(.text.BusFault_Handler) for BusFault_Handler
    startup_stm32f103x6.o(RESET) refers to stm32f1xx_it.o(.text.UsageFault_Handler) for UsageFault_Handler
    startup_stm32f103x6.o(RESET) refers to stm32f1xx_it.o(.text.SVC_Handler) for SVC_Handler
    startup_stm32f103x6.o(RESET) refers to stm32f1xx_it.o(.text.DebugMon_Handler) for DebugMon_Handler
    startup_stm32f103x6.o(RESET) refers to stm32f1xx_it.o(.text.PendSV_Handler) for PendSV_Handler
    startup_stm32f103x6.o(RESET) refers to stm32f1xx_it.o(.text.SysTick_Handler) for SysTick_Handler
    startup_stm32f103x6.o(RESET) refers to stm32f1xx_it.o(.text.DMA1_Channel4_IRQHandler) for DMA1_Channel4_IRQHandler
    startup_stm32f103x6.o(RESET) refers to stm32f1xx_it.o(.text.ADC1_2_IRQHandler) for ADC1_2_IRQHandler
    startup_stm32f103x6.o(RESET) refers to stm32f1xx_it.o(.text.TIM2_IRQHandler) for TIM2_IRQHandler
    startup_stm32f103x6.o(RESET) refers to stm32f1xx_it.o(.text.USART1_IRQHandler) for USART1_IRQHandler
    startup_stm32f103x6.o(RESET) refers to stm32f1xx_it.o(.text.EXTI15_10_IRQHandler) for EXTI15_10_IRQHandler
    startup_stm32f103x6.o(.text) refers (Special) to heapauxi.o(.text) for __use_two_region_memory
    startup_stm32f103x6.o(.text) refers to system_stm32f1xx.o(.text.SystemInit) for SystemInit
    startup_stm32f103x6.o(.text) refers to __main.o(!!!main) for __main
    startup_stm32f103x6.o(.text) refers to startup_stm32f103x6.o(HEAP) for Heap_Mem
    startup_stm32f103x6.o(.text) refers to startup_stm32f103x6.o(STACK) for Stack_Mem
    lcd.o(.ARM.exidx.text.Delay) refers to lcd.o(.text.Delay) for [Anonymous Symbol]
    lcd.o(.ARM.exidx.text.lcd_delay) refers to lcd.o(.text.lcd_delay) for [Anonymous Symbol]
    lcd.o(.ARM.exidx.text.lcd_cmd) refers to lcd.o(.text.lcd_cmd) for [Anonymous Symbol]
    lcd.o(.ARM.exidx.text.lcd_char_cp) refers to lcd.o(.text.lcd_char_cp) for [Anonymous Symbol]
    lcd.o(.text.lcd_out_cp) refers to lcd.o(.text.lcd_char_cp) for lcd_char_cp
    lcd.o(.ARM.exidx.text.lcd_out_cp) refers to lcd.o(.text.lcd_out_cp) for [Anonymous Symbol]
    lcd.o(.text.lcd_init) refers to stm32f1xx_hal.o(.text.HAL_Delay) for HAL_Delay
    lcd.o(.text.lcd_init) refers to lcd.o(.text.lcd_cmd) for lcd_cmd
    lcd.o(.ARM.exidx.text.lcd_init) refers to lcd.o(.text.lcd_init) for [Anonymous Symbol]
    lcd.o(.text.lcd_gotoxy) refers to lcd.o(.text.lcd_cmd) for lcd_cmd
    lcd.o(.ARM.exidx.text.lcd_gotoxy) refers to lcd.o(.text.lcd_gotoxy) for [Anonymous Symbol]
    lcd.o(.text.lcd_char) refers to lcd.o(.text.lcd_cmd) for lcd_cmd
    lcd.o(.text.lcd_char) refers to lcd.o(.text.lcd_char_cp) for lcd_char_cp
    lcd.o(.ARM.exidx.text.lcd_char) refers to lcd.o(.text.lcd_char) for [Anonymous Symbol]
    lcd.o(.text.lcd_print) refers to lcd.o(.text.lcd_cmd) for lcd_cmd
    lcd.o(.text.lcd_print) refers to lcd.o(.text.lcd_char_cp) for lcd_char_cp
    lcd.o(.ARM.exidx.text.lcd_print) refers to lcd.o(.text.lcd_print) for [Anonymous Symbol]
    lcd.o(.text.lcd_clear) refers to stm32f1xx_hal.o(.text.HAL_Delay) for HAL_Delay
    lcd.o(.ARM.exidx.text.lcd_clear) refers to lcd.o(.text.lcd_clear) for [Anonymous Symbol]
    lcd.o(.ARM.exidx.text.lcd_line1) refers to lcd.o(.text.lcd_line1) for [Anonymous Symbol]
    lcd.o(.ARM.exidx.text.lcd_line2) refers to lcd.o(.text.lcd_line2) for [Anonymous Symbol]
    main.o(.text) refers (Special) to _printf_percent.o(.ARM.Collect$$_printf_percent$$00000000) for _printf_percent
    main.o(.text) refers (Special) to _printf_s.o(.ARM.Collect$$_printf_percent$$00000014) for _printf_s
    main.o(.text) refers (Special) to _printf_d.o(.ARM.Collect$$_printf_percent$$00000009) for _printf_d
    main.o(.text) refers (Special) to _printf_dec.o(.text) for _printf_int_dec
    main.o(.text) refers (Special) to _printf_str.o(.text) for _printf_str
    main.o(.text.main) refers (Special) to _printf_percent.o(.ARM.Collect$$_printf_percent$$00000000) for _printf_percent
[...]
    [Anonymous Symbol]                       0x080005f4   Section        0  stm32f1xx_hal_adc.o(.text.ADC_ConversionStop_Disable)
    [Anonymous Symbol]                       0x0800064c   Section        0  stm32f1xx_hal_adc.o(.text.ADC_Enable)
    [Anonymous Symbol]                       0x080006d8   Section        0  stm32f1xx_it.o(.text.BusFault_Handler)
    [Anonymous Symbol]                       0x080006dc   Section        0  stm32f1xx_it.o(.text.DMA1_Channel4_IRQHandler)
    [Anonymous Symbol]                       0x080006e8   Section        0  stm32f1xx_it.o(.text.DebugMon_Handler)
    [Anonymous Symbol]                       0x080006ec   Section        0  stm32f1xx_it.o(.text.EXTI15_10_IRQHandler)
    [Anonymous Symbol]                       0x08000704   Section        0  main.o(.text.Error_Handler)
    [Anonymous Symbol]                       0x08000710   Section        0  stm32f1xx_hal_adc_ex.o(.text.HAL_ADCEx_Calibration_Start)
    [Anonymous Symbol]                       0x080007fc   Section        0  stm32f1xx_hal_adc_ex.o(.text.HAL_ADCEx_InjectedConvCpltCallback)
    [Anonymous Symbol]                       0x08000800   Section        0  stm32f1xx_hal_adc.o(.text.HAL_ADC_ConfigChannel)
    [Anonymous Symbol]                       0x08000910   Section        0  main.o(.text.HAL_ADC_ConvCpltCallback)
    [Anonymous Symbol]                       0x080009ac   Section        0  stm32f1xx_hal_adc.o(.text.HAL_ADC_GetValue)
    [Anonymous Symbol]                       0x080009b4   Section        0  stm32f1xx_hal_adc.o(.text.HAL_ADC_IRQHandler)
    [Anonymous Symbol]                       0x08000aa4   Section        0  stm32f1xx_hal_adc.o(.text.HAL_ADC_Init)
    [Anonymous Symbol]                       0x08000c04   Section        0  stm32f1xx_hal_adc.o(.text.HAL_ADC_LevelOutOfWindowCallback)
    [Anonymous Symbol]                       0x08000c08   Section        0  stm32f1xx_hal_msp.o(.text.HAL_ADC_MspInit)
    [Anonymous Symbol]                       0x08000cb8   Section        0  stm32f1xx_hal_adc.o(.text.HAL_ADC_PollForConversion)
    [Anonymous Symbol]                       0x08000e44   Section        0  stm32f1xx_hal_adc.o(.text.HAL_ADC_Start)
    [Anonymous Symbol]                       0x08000f28   Section        0  stm32f1xx_hal_adc.o(.text.HAL_ADC_Start_IT)
    [Anonymous Symbol]                       0x08001014   Section        0  stm32f1xx_hal_adc.o(.text.HAL_ADC_Stop)
    [Anonymous Symbol]                       0x080010a0   Section        0  stm32f1xx_hal_adc.o(.text.HAL_ADC_Stop_IT)
    [Anonymous Symbol]                       0x08001134   Section        0  stm32f1xx_hal_dma.o(.text.HAL_DMA_Abort)
    [Anonymous Symbol]                       0x08001174   Section        0  stm32f1xx_hal_dma.o(.text.HAL_DMA_Abort_IT)
    [Anonymous Symbol]                       0x08001224   Section        0  stm32f1xx_hal_dma.o(.text.HAL_DMA_IRQHandler)
    [Anonymous Symbol]                       0x0800138c   Section        0  stm32f1xx_hal_dma.o(.text.HAL_DMA_Init)
    [Anonymous Symbol]                       0x08001414   Section        0  stm32f1xx_hal_dma.o(.text.HAL_DMA_Start_IT)
    [Anonymous Symbol]                       0x080014b0   Section        0  stm32f1xx_hal.o(.text.HAL_Delay)
    [Anonymous Symbol]                       0x080014d8   Section        0  main.o(.text.HAL_GPIO_EXTI_Callback)
    [Anonymous Symbol]                       0x08001580   Section        0  stm32f1xx_hal_gpio.o(.text.HAL_GPIO_EXTI_IRQHandler)
    [Anonymous Symbol]                       0x08001598   Section        0  stm32f1xx_hal_gpio.o(.text.HAL_GPIO_Init)
    [Anonymous Symbol]                       0x0800178c   Section        0  stm32f1xx_hal_gpio.o(.text.HAL_GPIO_WritePin)
    [Anonymous Symbol]                       0x08001798   Section        0  stm32f1xx_hal.o(.text.HAL_GetTick)
    [Anonymous Symbol]                       0x080017a4   Section        0  stm32f1xx_hal.o(.text.HAL_IncTick)
    [Anonymous Symbol]                       0x080017c0   Section        0  stm32f1xx_hal.o(.text.HAL_Init)
    [Anonymous Symbol]                       0x080017e8   Section        0  stm32f1xx_hal.o(.text.HAL_InitTick)
    [Anonymous Symbol]                       0x08001838   Section        0  stm32f1xx_hal_msp.o(.text.HAL_MspInit)
    [Anonymous Symbol]                       0x0800187c   Section        0  stm32f1xx_hal_cortex.o(.text.HAL_NVIC_EnableIRQ)
    [Anonymous Symbol]                       0x0800189c   Section        0  stm32f1xx_hal_cortex.o(.text.HAL_NVIC_SetPriority)
    [Anonymous Symbol]                       0x080018f4   Section        0  stm32f1xx_hal_cortex.o(.text.HAL_NVIC_SetPriorityGrouping)
    [Anonymous Symbol]                       0x08001914   Section        0  stm32f1xx_hal_rcc_ex.o(.text.HAL_RCCEx_GetPeriphCLKFreq)
    HAL_RCCEx_GetPeriphCLKFreq.aPLLMULFactorTable 0x080019fc   Number         0  stm32f1xx_hal_rcc_ex.o(.text.HAL_RCCEx_GetPeriphCLKFreq)
    HAL_RCCEx_GetPeriphCLKFreq.aPredivFactorTable 0x08001a0c   Number         0  stm32f1xx_hal_rcc_ex.o(.text.HAL_RCCEx_GetPeriphCLKFreq)
    [Anonymous Symbol]                       0x08001a10   Section        0  stm32f1xx_hal_rcc_ex.o(.text.HAL_RCCEx_PeriphCLKConfig)
    [Anonymous Symbol]                       0x08001b10   Section        0  stm32f1xx_hal_rcc.o(.text.HAL_RCC_ClockConfig)
    [Anonymous Symbol]                       0x08001ccc   Section        0  stm32f1xx_hal_rcc.o(.text.HAL_RCC_GetPCLK1Freq)
    [Anonymous Symbol]                       0x08001cf4   Section        0  stm32f1xx_hal_rcc.o(.text.HAL_RCC_GetPCLK2Freq)
    [Anonymous Symbol]                       0x08001d1c   Section        0  stm32f1xx_hal_rcc.o(.text.HAL_RCC_OscConfig)
    [Anonymous Symbol]                       0x0800205c   Section        0  stm32f1xx_hal_cortex.o(.text.HAL_SYSTICK_Config)
    [Anonymous Symbol]                       0x08002088   Section        0  stm32f1xx_hal_tim_ex.o(.text.HAL_TIMEx_BreakCallback)
    [Anonymous Symbol]                       0x0800208c   Section        0  stm32f1xx_hal_tim_ex.o(.text.HAL_TIMEx_CommutCallback)
    [Anonymous Symbol]                       0x08002090   Section        0  stm32f1xx_hal_tim_ex.o(.text.HAL_TIMEx_ConfigBreakDeadTime)
    [Anonymous Symbol]                       0x080020e0   Section        0  stm32f1xx_hal_tim_ex.o(.text.HAL_TIMEx_MasterConfigSynchronization)
    [Anonymous Symbol]                       0x08002148   Section        0  stm32f1xx_hal_tim.o(.text.HAL_TIM_Base_Init)
    [Anonymous Symbol]                       0x08002208   Section        0  stm32f1xx_hal_msp.o(.text.HAL_TIM_Base_MspInit)
    [Anonymous Symbol]                       0x08002270   Section        0  stm32f1xx_hal_tim.o(.text.HAL_TIM_Base_Start)
    [Anonymous Symbol]                       0x080022bc   Section        0  stm32f1xx_hal_tim.o(.text.HAL_TIM_Base_Start_IT)
    [Anonymous Symbol]                       0x08002310   Section        0  stm32f1xx_hal_tim.o(.text.HAL_TIM_Base_Stop)
    [Anonymous Symbol]                       0x0800233c   Section        0  stm32f1xx_hal_tim.o(.text.HAL_TIM_Base_Stop_IT)
    [Anonymous Symbol]                       0x08002370   Section        0  stm32f1xx_hal_tim.o(.text.HAL_TIM_ConfigClockSource)
    [Anonymous Symbol]                       0x08002514   Section        0  stm32f1xx_hal_tim.o(.text.HAL_TIM_IC_CaptureCallback)
    [Anonymous Symbol]                       0x08002518   Section        0  stm32f1xx_hal_tim.o(.text.HAL_TIM_IRQHandler)
    [Anonymous Symbol]                       0x08002684   Section        0  stm32f1xx_hal_msp.o(.text.HAL_TIM_MspPostInit)
    [Anonymous Symbol]                       0x080026dc   Section        0  stm32f1xx_hal_tim.o(.text.HAL_TIM_OC_DelayElapsedCallback)
    [Anonymous Symbol]                       0x080026e0   Section        0  stm32f1xx_hal_tim.o(.text.HAL_TIM_PWM_ConfigChannel)
    [Anonymous Symbol]                       0x080028e0   Section        0  stm32f1xx_hal_tim.o(.text.HAL_TIM_PWM_Init)
    [Anonymous Symbol]                       0x080029a0   Section        0  stm32f1xx_hal_tim.o(.text.HAL_TIM_PWM_MspInit)
    [Anonymous Symbol]                       0x080029a4   Section        0  stm32f1xx_hal_tim.o(.text.HAL_TIM_PWM_PulseFinishedCallback)
    [Anonymous Symbol]                       0x080029a8   Section        0  stm32f1xx_hal_tim.o(.text.HAL_TIM_PWM_Start)
    [Anonymous Symbol]                       0x08002a5c   Section        0  main.o(.text.HAL_TIM_PeriodElapsedCallback)
    [Anonymous Symbol]                       0x08002c70   Section        0  stm32f1xx_hal_tim.o(.text.HAL_TIM_TriggerCallback)
    [Anonymous Symbol]                       0x08002c74   Section        0  stm32f1xx_hal_uart.o(.text.HAL_UARTEx_RxEventCallback)
    [Anonymous Symbol]                       0x08002c78   Section        0  stm32f1xx_hal_uart.o(.text.HAL_UART_ErrorCallback)
    [Anonymous Symbol]                       0x08002c7c   Section        0  stm32f1xx_hal_uart.o(.text.HAL_UART_IRQHandler)
    [Anonymous Symbol]                       0x08002f80   Section        0  stm32f1xx_hal_uart.o(.text.HAL_UART_Init)
    [Anonymous Symbol]                       0x08003060   Section        0  stm32f1xx_hal_msp.o(.text.HAL_UART_MspInit)
    [Anonymous Symbol]                       0x08003124   Section        0  stm32f1xx_hal_uart.o(.text.HAL_UART_Receive)
    [Anonymous Symbol]                       0x08003248   Section        0  stm32f1xx_hal_uart.o(.text.HAL_UART_RxCpltCallback)
    [Anonymous Symbol]                       0x0800324c   Section        0  stm32f1xx_hal_uart.o(.text.HAL_UART_Transmit)
    [Anonymous Symbol]                       0x080033b0   Section        0  stm32f1xx_hal_uart.o(.text.HAL_UART_Transmit_DMA)
    [Anonymous Symbol]                       0x0800342c   Section        0  stm32f1xx_hal_uart.o(.text.HAL_UART_TxCpltCallback)
    [Anonymous Symbol]                       0x08003430   Section        0  stm32f1xx_hal_uart.o(.text.HAL_UART_TxHalfCpltCallback)
    [Anonymous Symbol]                       0x08003434   Section        0  stm32f1xx_it.o(.text.HardFault_Handler)
    [Anonymous Symbol]                       0x08003438   Section        0  stm32f1xx_it.o(.text.MemManage_Handler)
    [Anonymous Symbol]                       0x0800343c   Section        0  stm32f1xx_it.o(.text.NMI_Handler)
    [Anonymous Symbol]                       0x08003440   Section        0  stm32f1xx_it.o(.text.PendSV_Handler)
    [Anonymous Symbol]                       0x08003444   Section        0  stm32f1xx_it.o(.text.SVC_Handler)
    [Anonymous Symbol]                       0x08003448   Section        0  stm32f1xx_it.o(.text.SysTick_Handler)
    [Anonymous Symbol]                       0x0800344c   Section        0  system_stm32f1xx.o(.text.SystemInit)
    [Anonymous Symbol]                       0x08003450   Section        0  stm32f1xx_it.o(.text.TIM2_IRQHandler)
    UART_DMAAbortOnError                     0x0800345d   Thumb Code    12  stm32f1xx_hal_uart.o(.text.UART_DMAAbortOnError)
    [Anonymous Symbol]                       0x0800345c   Section        0  stm32f1xx_hal_uart.o(.text.UART_DMAAbortOnError)
    UART_DMAError                            0x08003469   Thumb Code   162  stm32f1xx_hal_uart.o(.text.UART_DMAError)
    [Anonymous Symbol]                       0x08003468   Section        0  stm32f1xx_hal_uart.o(.text.UART_DMAError)
    UART_DMATransmitCplt                     0x0800350d   Thumb Code    62  stm32f1xx_hal_uart.o(.text.UART_DMATransmitCplt)
    [Anonymous Symbol]                       0x0800350c   Section        0  stm32f1xx_hal_uart.o(.text.UART_DMATransmitCplt)
    UART_DMATxHalfCplt                       0x0800354d   Thumb Code     6  stm32f1xx_hal_uart.o(.text.UART_DMATxHalfCplt)
    [Anonymous Symbol]                       0x0800354c   Section        0  stm32f1xx_hal_uart.o(.text.UART_DMATxHalfCplt)
    UART_Receive_IT                          0x08003555   Thumb Code   190  stm32f1xx_hal_uart.o(.text.UART_Receive_IT)
    [Anonymous Symbol]                       0x08003554   Section        0  stm32f1xx_hal_uart.o(.text.UART_Receive_IT)
    [Anonymous Symbol]                       0x08003614   Section        0  stm32f1xx_it.o(.text.USART1_IRQHandler)
    [Anonymous Symbol]                       0x08003620   Section        0  stm32f1xx_it.o(.text.UsageFault_Handler)
    [Anonymous Symbol]                       0x08003624   Section        0  lcd.o(.text.lcd_char_cp)
    [Anonymous Symbol]                       0x08003714   Section        0  lcd.o(.text.lcd_cmd)
    [Anonymous Symbol]                       0x080037fc   Section        0  lcd.o(.text.lcd_init)
    [Anonymous Symbol]                       0x08003ab0   Section        0  lcd.o(.text.lcd_print)
    [Anonymous Symbol]                       0x08003ae4   Section        0  main.o(.text.main)
    i.__ARM_fpclassify                       0x08004092   Section        0  fpclassify.o(i.__ARM_fpclassify)
    i.__kernel_poly                          0x080040ba   Section        0  poly.o(i.__kernel_poly)
    i.__mathlib_dbl_divzero                  0x08004164   Section        0  dunder.o(i.__mathlib_dbl_divzero)
    i.__mathlib_dbl_infnan2                  0x08004174   Section        0  dunder.o(i.__mathlib_dbl_infnan2)
    i.__mathlib_dbl_invalid                  0x08004178   Section        0  dunder.o(i.__mathlib_dbl_invalid)
    i.__mathlib_dbl_overflow                 0x08004184   Section        0  dunder.o(i.__mathlib_dbl_overflow)
    i.__mathlib_dbl_underflow                0x08004194   Section        0  dunder.o(i.__mathlib_dbl_underflow)
    i.pow                                    0x080041a4   Section        0  pow.o(i.pow)
    i.sqrt                                   0x08004b90   Section        0  sqrt.o(i.sqrt)
    x$fpl$dadd                               0x08004bdc   Section      336  daddsub_clz.o(x$fpl$dadd)
    _dadd1                                   0x08004bed   Thumb Code     0  daddsub_clz.o(x$fpl$dadd)
    x$fpl$dcheck1                            0x08004d2c   Section       16  dcheck1.o(x$fpl$dcheck1)
    x$fpl$dcmpinf                            0x08004d3c   Section       24  dcmpi.o(x$fpl$dcmpinf)
    x$fpl$ddiv                               0x08004d54   Section      692  ddiv.o(x$fpl$ddiv)
    ddiv_entry                               0x08004d5b   Thumb Code     0  ddiv.o(x$fpl$ddiv)
    x$fpl$dfix                               0x08005008   Section       94  dfix.o(x$fpl$dfix)
    x$fpl$dflt                               0x08005066   Section       46  dflt_clz.o(x$fpl$dflt)
    x$fpl$dfltu                              0x08005094   Section       38  dflt_clz.o(x$fpl$dfltu)
    x$fpl$dleqf                              0x080050bc   Section      120  dleqf.o(x$fpl$dleqf)
    x$fpl$dmul                               0x08005134   Section      340  dmul.o(x$fpl$dmul)
    x$fpl$dnaninf                            0x08005288   Section      156  dnaninf.o(x$fpl$dnaninf)
    x$fpl$dretinf                            0x08005324   Section       12  dretinf.o(x$fpl$dretinf)
    x$fpl$drleqf                             0x08005330   Section      108  drleqf.o(x$fpl$drleqf)
    x$fpl$drsb                               0x0800539c   Section       22  daddsub_clz.o(x$fpl$drsb)
    x$fpl$dsqrt                              0x080053b4   Section      460  dsqrt_noumaal.o(x$fpl$dsqrt)
    x$fpl$dsub                               0x08005580   Section      476  daddsub_clz.o(x$fpl$dsub)
    _dsub1                                   0x08005591   Thumb Code     0  daddsub_clz.o(x$fpl$dsub)
    x$fpl$retnan                             0x0800575c   Section      100  retnan.o(x$fpl$retnan)
    x$fpl$scalbn                             0x080057c0   Section       92  scalbn.o(x$fpl$scalbn)
    x$fpl$trapveneer                         0x0800581c   Section       48  trapv.o(x$fpl$trapveneer)
    x$fpl$usenofp                            0x0800584c   Section        0  usenofp.o(x$fpl$usenofp)
    bp                                       0x08005850   Data          16  pow.o(.constdata)
    .constdata                               0x08005850   Section      136  pow.o(.constdata)
    dp_h                                     0x08005860   Data          16  pow.o(.constdata)
    dp_l                                     0x08005870   Data          16  pow.o(.constdata)
    L                                        0x08005880   Data          48  pow.o(.constdata)
    P                                        0x080058b0   Data          40  pow.o(.constdata)
    .constdata                               0x080058d8   Section        8  qnan.o(.constdata)
    .L__const.main.song                      0x080058e0   Data          10  main.o(.rodata..L__const.main.song)
    HAL_RCC_GetSysClockFreq.aPredivFactorTable 0x08005902   Data           2  stm32f1xx_hal_rcc.o(.rodata.HAL_RCC_GetSysClockFreq.aPredivFactorTable)
    [Anonymous Symbol]                       0x08005902   Section        0  stm32f1xx_hal_rcc.o(.rodata.HAL_RCC_GetSysClockFreq.aPredivFactorTable)
    HAL_RCC_GetSysClockFreq.aPLLMULFactorTable 0x08005904   Data          16  stm32f1xx_hal_rcc.o(.rodata.cst16)
    [Anonymous Symbol]                       0x08005904   Section        0  stm32f1xx_hal_rcc.o(.rodata.cst16)
    [Anonymous Symbol]                       0x08005914   Section        0  main.o(.rodata.str1.1)
    .L.str.8                                 0x08005974   Data           5  main.o(.rodata.str1.1)
    current_period                           0x20000058   Data           4  main.o(.data.current_period)
    [Anonymous Symbol]                       0x20000058   Section        0  main.o(.data.current_period)
    current_prescaler                        0x2000005c   Data           2  main.o(.data.current_prescaler)
    [Anonymous Symbol]                       0x2000005c   Section        0  main.o(.data.current_prescaler)
    .bss                                     0x20000078   Section      228  rand.o(.bss)
    .bss                                     0x2000015c   Section       96  libspace.o(.bss)
    Heap_Mem                                 0x20000398   Data         512  startup_stm32f103x6.o(HEAP)
    HEAP                                     0x20000398   Section      512  startup_stm32f103x6.o(HEAP)
    Stack_Mem                                0x20000598   Data        1024  startup_stm32f103x6.o(STACK)
    STACK                                    0x20000598   Section     1024  startup_stm32f103x6.o(STACK)
    __initial_sp                             0x20000998   Data           0  startup_stm32f103x6.o(STACK)

    Global Symbols

    Symbol Name                              Value     Ov Type        Size  Object(Section)

    BuildAttributes$$THM_ISAv4$P$D$K$B$S$PE$A:L22UL41UL21$X:L11$S22US41US21$IEEE1$IW$~IW$USESV6$~STKCKD$USESV7$~SHL$OTIME$ROPI$IEEEX$EBA8$UX$STANDARDLIB$REQ8$PRES8$EABIv2 0x00000000   Number         0  anon$$obj.o ABSOLUTE
    __fp_init_empty                          0x00000000   Number         0  fpinit_empty.o ABSOLUTE
    __ARM_exceptions_init                     - Undefined Weak Reference
    __alloca_initialize                       - Undefined Weak Reference
    __arm_preinit_                            - Undefined Weak Reference
    __arm_relocate_pie_                       - Undefined Weak Reference
    __cpp_initialize__aeabi_                  - Undefined Weak Reference
    __cxa_finalize                            - Undefined Weak Reference
    __rt_locale                               - Undefined Weak Reference
    __sigvec_lookup                           - Undefined Weak Reference
    _atexit_init                              - Undefined Weak Reference
    _call_atexit_fns                          - Undefined Weak Reference
    _clock_init                               - Undefined Weak Reference
    _fp_trap_init                             - Undefined Weak Reference
    _fp_trap_shutdown                         - Undefined Weak Reference
    _get_lc_collate                           - Undefined Weak Reference
    _get_lc_ctype                             - Undefined Weak Reference
    _get_lc_monetary                          - Undefined Weak Reference
    _get_lc_numeric                           - Undefined Weak Reference
    _get_lc_time                              - Undefined Weak Reference
    _getenv_init                              - Undefined Weak Reference
    _handle_redirection                       - Undefined Weak Reference
    _init_alloc                               - Undefined Weak Reference
    _init_user_alloc                          - Undefined Weak Reference
    _initio                                   - Undefined Weak Reference
    _printf_mbtowc                            - Undefined Weak Reference
    _printf_post_padding                      - Undefined Weak Reference
    _printf_pre_padding                       - Undefined Weak Reference
    _printf_truncate_signed                   - Undefined Weak Reference
    _printf_truncate_unsigned                 - Undefined Weak Reference
    _signal_finish                            - Undefined Weak Reference
    _signal_init                              - Undefined Weak Reference
    _terminate_alloc                          - Undefined Weak Reference
    _terminate_user_alloc                     - Undefined Weak Reference
    _terminateio                              - Undefined Weak Reference
    __Vectors_Size                           0x000000ec   Number         0  startup_stm32f103x6.o ABSOLUTE
    __Vectors                                0x08000000   Data           4  startup_stm32f103x6.o(RESET)
    __Vectors_End                            0x080000ec   Data           0  startup_stm32f103x6.o(RESET)
    __main                                   0x080000ed   Thumb Code     8  __main.o(!!!main)
    __scatterload                            0x080000f5   Thumb Code     0  __scatter.o(!!!scatter)
    __scatterload_rt2                        0x080000f5   Thumb Code    84  __scatter.o(!!!scatter)
    __scatterload_rt2_thumb_only             0x080000f5   Thumb Code     0  __scatter.o(!!!scatter)
    __scatterload_loop                       0x080000ff   Thumb Code     0  __scatter.o(!!!scatter)
    __scatterload_copy                       0x08000151   Thumb Code    26  __scatter_copy.o(!!handler_copy)
    __scatterload_null                       0x0800016d   Thumb Code     2  __scatter.o(!!handler_null)
    __scatterload_zeroinit                   0x08000171   Thumb Code    28  __scatter_zi.o(!!handler_zi)
    _printf_d                                0x0800018d   Thumb Code     0  _printf_d.o(.ARM.Collect$$_printf_percent$$00000009)
    _printf_percent                          0x0800018d   Thumb Code     0  _printf_percent.o(.ARM.Collect$$_printf_percent$$00000000)
    _printf_s                                0x08000193   Thumb Code     0  _printf_s.o(.ARM.Collect$$_printf_percent$$00000014)
    _printf_percent_end                      0x08000199   Thumb Code     0  _printf_percent_end.o(.ARM.Collect$$_printf_percent$$00000017)
    __rt_lib_init                            0x0800019d   Thumb Code     0  libinit.o(.ARM.Collect$$libinit$$00000000)
    __rt_lib_init_fp_1                       0x0800019f   Thumb Code     0  libinit2.o(.ARM.Collect$$libinit$$00000002)
    __rt_lib_init_heap_1                     0x0800019f   Thumb Code     0  libinit2.o(.ARM.Collect$$libinit$$0000000C)
    __rt_lib_init_preinit_1                  0x0800019f   Thumb Code     0  libinit2.o(.ARM.Collect$$libinit$$00000006)
    __rt_lib_init_rand_2                     0x0800019f   Thumb Code     0  libinit2.o(.ARM.Collect$$libinit$$0000000F)
    __rt_lib_init_relocate_pie_1             0x0800019f   Thumb Code     0  libinit2.o(.ARM.Collect$$libinit$$00000004)
    __rt_lib_init_user_alloc_1               0x0800019f   Thumb Code     0  libinit2.o(.ARM.Collect$$libinit$$0000000E)
    __rt_lib_init_alloca_1                   0x080001a3   Thumb Code     0  libinit2.o(.ARM.Collect$$libinit$$00000030)
    __rt_lib_init_argv_1                     0x080001a3   Thumb Code     0  libinit2.o(.ARM.Collect$$libinit$$0000002E)
    __rt_lib_init_atexit_1                   0x080001a3   Thumb Code     0  libinit2.o(.ARM.Collect$$libinit$$0000001D)
    __rt_lib_init_clock_1                    0x080001a3   Thumb Code     0  libinit2.o(.ARM.Collect$$libinit$$00000023)
    __rt_lib_init_cpp_1                      0x080001a3   Thumb Code     0  libinit2.o(.ARM.Collect$$libinit$$00000034)
    __rt_lib_init_exceptions_1               0x080001a3   Thumb Code     0  libinit2.o(.ARM.Collect$$libinit$$00000032)
    __rt_lib_init_fp_trap_1                  0x080001a3   Thumb Code     0  libinit2.o(.ARM.Collect$$libinit$$00000021)
    __rt_lib_init_getenv_1                   0x080001a3   Thumb Code     0  libinit2.o(.ARM.Collect$$libinit$$00000025)
    __rt_lib_init_lc_collate_1               0x080001a3   Thumb Code     0  libinit2.o(.ARM.Collect$$libinit$$00000013)
    __rt_lib_init_lc_ctype_1                 0x080001a3   Thumb Code     0  libinit2.o(.ARM.Collect$$libinit$$00000015)
    __rt_lib_init_lc_monetary_1              0x080001a3   Thumb Code     0  libinit2.o(.ARM.Collect$$libinit$$00000017)
    __rt_lib_init_lc_numeric_1               0x080001a3   Thumb Code     0  libinit2.o(.ARM.Collect$$libinit$$00000019)
    __rt_lib_init_lc_time_1                  0x080001a3   Thumb Code     0  libinit2.o(.ARM.Collect$$libinit$$0000001B)
    __rt_lib_init_rand_1                     0x080001a3   Thumb Code     0  libinit2.o(.ARM.Collect$$libinit$$00000010)
    __rt_lib_init_return                     0x080001a3   Thumb Code     0  libinit2.o(.ARM.Collect$$libinit$$00000035)
    __rt_lib_init_signal_1                   0x080001a3   Thumb Code     0  libinit2.o(.ARM.Collect$$libinit$$0000001F)
    __rt_lib_init_stdio_1                    0x080001a3   Thumb Code     0  libinit2.o(.ARM.Collect$$libinit$$00000027)
    __rt_lib_shutdown                        0x080001a5   Thumb Code     0  libshutdown.o(.ARM.Collect$$libshutdown$$00000000)
    __rt_lib_shutdown_cpp_1                  0x080001a7   Thumb Code     0  libshutdown2.o(.ARM.Collect$$libshutdown$$00000002)
    __rt_lib_shutdown_fp_trap_1              0x080001a7   Thumb Code     0  libshutdown2.o(.ARM.Collect$$libshutdown$$00000007)
    __rt_lib_shutdown_heap_1                 0x080001a7   Thumb Code     0  libshutdown2.o(.ARM.Collect$$libshutdown$$0000000F)
    __rt_lib_shutdown_return                 0x080001a7   Thumb Code     0  libshutdown2.o(.ARM.Collect$$libshutdown$$00000010)
    __rt_lib_shutdown_signal_1               0x080001a7   Thumb Code     0  libshutdown2.o(.ARM.Collect$$libshutdown$$0000000A)
    __rt_lib_shutdown_stdio_1                0x080001a7   Thumb Code     0  libshutdown2.o(.ARM.Collect$$libshutdown$$00000004)
    __rt_lib_shutdown_user_alloc_1           0x080001a7   Thumb Code     0  libshutdown2.o(.ARM.Collect$$libshutdown$$0000000C)
    __rt_entry                               0x080001a9   Thumb Code     0  __rtentry.o(.ARM.Collect$$rtentry$$00000000)
    __rt_entry_presh_1                       0x080001a9   Thumb Code     0  __rtentry2.o(.ARM.Collect$$rtentry$$00000002)
    __rt_entry_sh                            0x080001a9   Thumb Code     0  __rtentry4.o(.ARM.Collect$$rtentry$$00000004)
    __rt_entry_li                            0x080001af   Thumb Code     0  __rtentry2.o(.ARM.Collect$$rtentry$$0000000A)
    __rt_entry_postsh_1                      0x080001af   Thumb Code     0  __rtentry2.o(.ARM.Collect$$rtentry$$00000009)
    __rt_entry_main                          0x080001b3   Thumb Code     0  __rtentry2.o(.ARM.Collect$$rtentry$$0000000D)
    __rt_entry_postli_1                      0x080001b3   Thumb Code     0  __rtentry2.o(.ARM.Collect$$rtentry$$0000000C)
    __rt_exit                                0x080001bb   Thumb Code     0  rtexit.o(.ARM.Collect$$rtexit$$00000000)
    __rt_exit_ls                             0x080001bd   Thumb Code     0  rtexit2.o(.ARM.Collect$$rtexit$$00000003)
    __rt_exit_prels_1                        0x080001bd   Thumb Code     0  rtexit2.o(.ARM.Collect$$rtexit$$00000002)
    __rt_exit_exit                           0x080001c1   Thumb Code     0  rtexit2.o(.ARM.Collect$$rtexit$$00000004)
    rand                                     0x080001c9   Thumb Code    48  rand.o(.emb_text)
    Reset_Handler                            0x080001fd   Thumb Code     8  startup_stm32f103x6.o(.text)
    CAN1_RX1_IRQHandler                      0x08000217   Thumb Code     0  startup_stm32f103x6.o(.text)
    CAN1_SCE_IRQHandler                      0x08000217   Thumb Code     0  startup_stm32f103x6.o(.text)
    DMA1_Channel1_IRQHandler                 0x08000217   Thumb Code     0  startup_stm32f103x6.o(.text)
    DMA1_Channel2_IRQHandler                 0x08000217   Thumb Code     0  startup_stm32f103x6.o(.text)
    DMA1_Channel3_IRQHandler                 0x08000217   Thumb Code     0  startup_stm32f103x6.o(.text)
    DMA1_Channel5_IRQHandler                 0x08000217   Thumb Code     0  startup_stm32f103x6.o(.text)
    DMA1_Channel6_IRQHandler                 0x08000217   Thumb Code     0  startup_stm32f103x6.o(.text)
    DMA1_Channel7_IRQHandler                 0x08000217   Thumb Code     0  startup_stm32f103x6.o(.text)
    EXTI0_IRQHandler                         0x08000217   Thumb Code     0  startup_stm32f103x6.o(.text)
    EXTI1_IRQHandler                         0x08000217   Thumb Code     0  startup_stm32f103x6.o(.text)
    EXTI2_IRQHandler                         0x08000217   Thumb Code     0  startup_stm32f103x6.o(.text)
    EXTI3_IRQHandler                         0x08000217   Thumb Code     0  startup_stm32f103x6.o(.text)
    EXTI4_IRQHandler                         0x08000217   Thumb Code     0  startup_stm32f103x6.o(.text)
    EXTI9_5_IRQHandler                       0x08000217   Thumb Code     0  startup_stm32f103x6.o(.text)
    FLASH_IRQHandler                         0x08000217   Thumb Code     0  startup_stm32f103x6.o(.text)
    I2C1_ER_IRQHandler                       0x08000217   Thumb Code     0  startup_stm32f103x6.o(.text)
    I2C1_EV_IRQHandler                       0x08000217   Thumb Code     0  startup_stm32f103x6.o(.text)
    PVD_IRQHandler                           0x08000217   Thumb Code     0  startup_stm32f103x6.o(.text)
    RCC_IRQHandler                           0x08000217   Thumb Code     0  startup_stm32f103x6.o(.text)
    RTC_Alarm_IRQHandler                     0x08000217   Thumb Code     0  startup_stm32f103x6.o(.text)
    RTC_IRQHandler                           0x08000217   Thumb Code     0  startup_stm32f103x6.o(.text)
    SPI1_IRQHandler                          0x08000217   Thumb Code     0  startup_stm32f103x6.o(.text)
    TAMPER_IRQHandler                        0x08000217   Thumb Code     0  startup_stm32f103x6.o(.text)
    TIM1_BRK_IRQHandler                      0x08000217   Thumb Code     0  startup_stm32f103x6.o(.text)
    TIM1_CC_IRQHandler                       0x08000217   Thumb Code     0  startup_stm32f103x6.o(.text)
    TIM1_TRG_COM_IRQHandler                  0x08000217   Thumb Code     0  startup_stm32f103x6.o(.text)
    TIM1_UP_IRQHandler                       0x08000217   Thumb Code     0  startup_stm32f103x6.o(.text)
    TIM3_IRQHandler                          0x08000217   Thumb Code     0  startup_stm32f103x6.o(.text)
    USART2_IRQHandler                        0x08000217   Thumb Code     0  startup_stm32f103x6.o(.text)
    USBWakeUp_IRQHandler                     0x08000217   Thumb Code     0  startup_stm32f103x6.o(.text)
    USB_HP_CAN1_TX_IRQHandler                0x08000217   Thumb Code     0  startup_stm32f103x6.o(.text)
    USB_LP_CAN1_RX0_IRQHandler               0x08000217   Thumb Code     0  startup_stm32f103x6.o(.text)
    WWDG_IRQHandler                          0x08000217   Thumb Code     0  startup_stm32f103x6.o(.text)
    __user_initial_stackheap                 0x08000219   Thumb Code     0  startup_stm32f103x6.o(.text)
    __2sprintf                               0x0800023d   Thumb Code    34  noretval__2sprintf.o(.text)
    __printf                                 0x08000265   Thumb Code   104  __printf.o(.text)
    _printf_str                              0x080002cd   Thumb Code    82  _printf_str.o(.text)
    _printf_int_dec                          0x08000321   Thumb Code   104  _printf_dec.o(.text)
    srand                                    0x08000399   Thumb Code    42  rand.o(.text)
    _rand_init                               0x080003c3   Thumb Code     4  rand.o(.text)
    exit                                     0x080003d5   Thumb Code    18  exit.o(.text)
    __aeabi_memclr4                          0x080003e7   Thumb Code     0  rt_memclr_w.o(.text)
    __aeabi_memclr8                          0x080003e7   Thumb Code     0  rt_memclr_w.o(.text)
    __rt_memclr_w                            0x080003e7   Thumb Code     0  rt_memclr_w.o(.text)
    _memset_w                                0x080003eb   Thumb Code    74  rt_memclr_w.o(.text)
    __use_two_region_memory                  0x08000435   Thumb Code     2  heapauxi.o(.text)
    __rt_heap_escrow$2region                 0x08000437   Thumb Code     2  heapauxi.o(.text)
    __rt_heap_expand$2region                 0x08000439   Thumb Code     2  heapauxi.o(.text)
    __read_errno                             0x0800043b   Thumb Code    10  _rserrno.o(.text)
    __set_errno                              0x08000445   Thumb Code    12  _rserrno.o(.text)
    _printf_int_common                       0x08000451   Thumb Code   178  _printf_intcommon.o(.text)
    _printf_char_common                      0x0800050f   Thumb Code    32  _printf_char_common.o(.text)
    _sputc                                   0x08000535   Thumb Code    10  _sputc.o(.text)
    _printf_cs_common                        0x0800053f   Thumb Code    20  _printf_char.o(.text)
    _printf_char                             0x08000553   Thumb Code    16  _printf_char.o(.text)
    _printf_string                           0x08000563   Thumb Code     8  _printf_char.o(.text)
    __aeabi_errno_addr                       0x0800056d   Thumb Code     8  rt_errno_addr_intlibspace.o(.text)
    __errno$intlibspace                      0x0800056d   Thumb Code     0  rt_errno_addr_intlibspace.o(.text)
    __rt_errno_addr$intlibspace              0x0800056d   Thumb Code     0  rt_errno_addr_intlibspace.o(.text)
    _sys_exit                                0x08000575   Thumb Code     8  sys_exit.o(.text)
    __user_libspace                          0x08000581   Thumb Code     8  libspace.o(.text)
    __user_perproc_libspace                  0x08000581   Thumb Code     0  libspace.o(.text)
    __user_perthread_libspace                0x08000581   Thumb Code     0  libspace.o(.text)
    __user_setup_stackheap                   0x08000589   Thumb Code    74  sys_stackheap_outer.o(.text)
    __I$use$semihosting                      0x080005d3   Thumb Code     0  use_no_semi.o(.text)
    __use_no_semihosting_swi                 0x080005d3   Thumb Code     2  use_no_semi.o(.text)
    ADC1_2_IRQHandler                        0x080005d5   Thumb Code    30  stm32f1xx_it.o(.text.ADC1_2_IRQHandler)
    __semihosting_library_function           0x080005d5   Thumb Code     0  indicate_semi.o(.text)
    ADC_ConversionStop_Disable               0x080005f5   Thumb Code    86  stm32f1xx_hal_adc.o(.text.ADC_ConversionStop_Disable)
    ADC_Enable                               0x0800064d   Thumb Code   140  stm32f1xx_hal_adc.o(.text.ADC_Enable)
    BusFault_Handler                         0x080006d9   Thumb Code     2  stm32f1xx_it.o(.text.BusFault_Handler)
    DMA1_Channel4_IRQHandler                 0x080006dd   Thumb Code    12  stm32f1xx_it.o(.text.DMA1_Channel4_IRQHandler)
    DebugMon_Handler                         0x080006e9   Thumb Code     2  stm32f1xx_it.o(.text.DebugMon_Handler)
    EXTI15_10_IRQHandler                     0x080006ed   Thumb Code    22  stm32f1xx_it.o(.text.EXTI15_10_IRQHandler)
    Error_Handler                            0x08000705   Thumb Code    10  main.o(.text.Error_Handler)
    HAL_ADCEx_Calibration_Start              0x08000711   Thumb Code   234  stm32f1xx_hal_adc_ex.o(.text.HAL_ADCEx_Calibration_Start)
    HAL_ADCEx_InjectedConvCpltCallback       0x080007fd   Thumb Code     2  stm32f1xx_hal_adc_ex.o(.text.HAL_ADCEx_InjectedConvCpltCallback)
    HAL_ADC_ConfigChannel                    0x08000801   Thumb Code   270  stm32f1xx_hal_adc.o(.text.HAL_ADC_ConfigChannel)
    HAL_ADC_ConvCpltCallback                 0x08000911   Thumb Code   154  main.o(.text.HAL_ADC_ConvCpltCallback)
    HAL_ADC_GetValue                         0x080009ad   Thumb Code     6  stm32f1xx_hal_adc.o(.text.HAL_ADC_GetValue)
    HAL_ADC_IRQHandler                       0x080009b5   Thumb Code   238  stm32f1xx_hal_adc.o(.text.HAL_ADC_IRQHandler)
    HAL_ADC_Init                             0x08000aa5   Thumb Code   352  stm32f1xx_hal_adc.o(.text.HAL_ADC_Init)
    HAL_ADC_LevelOutOfWindowCallback         0x08000c05   Thumb Code     2  stm32f1xx_hal_adc.o(.text.HAL_ADC_LevelOutOfWindowCallback)
    HAL_ADC_MspInit                          0x08000c09   Thumb Code   176  stm32f1xx_hal_msp.o(.text.HAL_ADC_MspInit)
    HAL_ADC_PollForConversion                0x08000cb9   Thumb Code   396  stm32f1xx_hal_adc.o(.text.HAL_ADC_PollForConversion)
    HAL_ADC_Start                            0x08000e45   Thumb Code   226  stm32f1xx_hal_adc.o(.text.HAL_ADC_Start)
    HAL_ADC_Start_IT                         0x08000f29   Thumb Code   234  stm32f1xx_hal_adc.o(.text.HAL_ADC_Start_IT)
    HAL_ADC_Stop                             0x08001015   Thumb Code   140  stm32f1xx_hal_adc.o(.text.HAL_ADC_Stop)
    HAL_ADC_Stop_IT                          0x080010a1   Thumb Code   148  stm32f1xx_hal_adc.o(.text.HAL_ADC_Stop_IT)
    HAL_DMA_Abort                            0x08001135   Thumb Code    64  stm32f1xx_hal_dma.o(.text.HAL_DMA_Abort)
    HAL_DMA_Abort_IT                         0x08001175   Thumb Code   176  stm32f1xx_hal_dma.o(.text.HAL_DMA_Abort_IT)
    HAL_DMA_IRQHandler                       0x08001225   Thumb Code   360  stm32f1xx_hal_dma.o(.text.HAL_DMA_IRQHandler)
    HAL_DMA_Init                             0x0800138d   Thumb Code   134  stm32f1xx_hal_dma.o(.text.HAL_DMA_Init)
    HAL_DMA_Start_IT                         0x08001415   Thumb Code   156  stm32f1xx_hal_dma.o(.text.HAL_DMA_Start_IT)
    HAL_Delay                                0x080014b1   Thumb Code    40  stm32f1xx_hal.o(.text.HAL_Delay)
    HAL_GPIO_EXTI_Callback                   0x080014d9   Thumb Code   168  main.o(.text.HAL_GPIO_EXTI_Callback)
    HAL_GPIO_EXTI_IRQHandler                 0x08001581   Thumb Code    22  stm32f1xx_hal_gpio.o(.text.HAL_GPIO_EXTI_IRQHandler)
    HAL_GPIO_Init                            0x08001599   Thumb Code   498  stm32f1xx_hal_gpio.o(.text.HAL_GPIO_Init)
    HAL_GPIO_WritePin                        0x0800178d   Thumb Code    10  stm32f1xx_hal_gpio.o(.text.HAL_GPIO_WritePin)
    HAL_GetTick                              0x08001799   Thumb Code    12  stm32f1xx_hal.o(.text.HAL_GetTick)
    HAL_IncTick                              0x080017a5   Thumb Code    26  stm32f1xx_hal.o(.text.HAL_IncTick)
    HAL_Init                                 0x080017c1   Thumb Code    38  stm32f1xx_hal.o(.text.HAL_Init)
    HAL_InitTick                             0x080017e9   Thumb Code    80  stm32f1xx_hal.o(.text.HAL_InitTick)
    HAL_MspInit                              0x08001839   Thumb Code    66  stm32f1xx_hal_msp.o(.text.HAL_MspInit)
    HAL_NVIC_EnableIRQ                       0x0800187d   Thumb Code    32  stm32f1xx_hal_cortex.o(.text.HAL_NVIC_EnableIRQ)
    HAL_NVIC_SetPriority                     0x0800189d   Thumb Code    86  stm32f1xx_hal_cortex.o(.text.HAL_NVIC_SetPriority)
    HAL_NVIC_SetPriorityGrouping             0x080018f5   Thumb Code    32  stm32f1xx_hal_cortex.o(.text.HAL_NVIC_SetPriorityGrouping)
    HAL_RCCEx_GetPeriphCLKFreq               0x08001915   Thumb Code   232  stm32f1xx_hal_rcc_ex.o(.text.HAL_RCCEx_GetPeriphCLKFreq)
    HAL_RCCEx_PeriphCLKConfig                0x08001a11   Thumb Code   254  stm32f1xx_hal_rcc_ex.o(.text.HAL_RCCEx_PeriphCLKConfig)
    HAL_RCC_ClockConfig                      0x08001b11   Thumb Code   442  stm32f1xx_hal_rcc.o(.text.HAL_RCC_ClockConfig)
    HAL_RCC_GetPCLK1Freq                     0x08001ccd   Thumb Code    38  stm32f1xx_hal_rcc.o(.text.HAL_RCC_GetPCLK1Freq)
    HAL_RCC_GetPCLK2Freq                     0x08001cf5   Thumb Code    38  stm32f1xx_hal_rcc.o(.text.HAL_RCC_GetPCLK2Freq)
    HAL_RCC_OscConfig                        0x08001d1d   Thumb Code   832  stm32f1xx_hal_rcc.o(.text.HAL_RCC_OscConfig)
    HAL_SYSTICK_Config                       0x0800205d   Thumb Code    44  stm32f1xx_hal_cortex.o(.text.HAL_SYSTICK_Config)
    HAL_TIMEx_BreakCallback                  0x08002089   Thumb Code     2  stm32f1xx_hal_tim_ex.o(.text.HAL_TIMEx_BreakCallback)
    HAL_TIMEx_CommutCallback                 0x0800208d   Thumb Code     2  stm32f1xx_hal_tim_ex.o(.text.HAL_TIMEx_CommutCallback)
    HAL_TIMEx_ConfigBreakDeadTime            0x08002091   Thumb Code    80  stm32f1xx_hal_tim_ex.o(.text.HAL_TIMEx_ConfigBreakDeadTime)
    HAL_TIMEx_MasterConfigSynchronization    0x080020e1   Thumb Code   104  stm32f1xx_hal_tim_ex.o(.text.HAL_TIMEx_MasterConfigSynchronization)
    HAL_TIM_Base_Init                        0x08002149   Thumb Code   192  stm32f1xx_hal_tim.o(.text.HAL_TIM_Base_Init)
    HAL_TIM_Base_MspInit                     0x08002209   Thumb Code   102  stm32f1xx_hal_msp.o(.text.HAL_TIM_Base_MspInit)
    HAL_TIM_Base_Start                       0x08002271   Thumb Code    76  stm32f1xx_hal_tim.o(.text.HAL_TIM_Base_Start)
    HAL_TIM_Base_Start_IT                    0x080022bd   Thumb Code    84  stm32f1xx_hal_tim.o(.text.HAL_TIM_Base_Start_IT)
    HAL_TIM_Base_Stop                        0x08002311   Thumb Code    42  stm32f1xx_hal_tim.o(.text.HAL_TIM_Base_Stop)
    HAL_TIM_Base_Stop_IT                     0x0800233d   Thumb Code    50  stm32f1xx_hal_tim.o(.text.HAL_TIM_Base_Stop_IT)
    HAL_TIM_ConfigClockSource                0x08002371   Thumb Code   418  stm32f1xx_hal_tim.o(.text.HAL_TIM_ConfigClockSource)
    HAL_TIM_IC_CaptureCallback               0x08002515   Thumb Code     2  stm32f1xx_hal_tim.o(.text.HAL_TIM_IC_CaptureCallback)
    HAL_TIM_IRQHandler                       0x08002519   Thumb Code   362  stm32f1xx_hal_tim.o(.text.HAL_TIM_IRQHandler)
    HAL_TIM_MspPostInit                      0x08002685   Thumb Code    88  stm32f1xx_hal_msp.o(.text.HAL_TIM_MspPostInit)
    HAL_TIM_OC_DelayElapsedCallback          0x080026dd   Thumb Code     2  stm32f1xx_hal_tim.o(.text.HAL_TIM_OC_DelayElapsedCallback)
    HAL_TIM_PWM_ConfigChannel                0x080026e1   Thumb Code   510  stm32f1xx_hal_tim.o(.text.HAL_TIM_PWM_ConfigChannel)
    HAL_TIM_PWM_Init                         0x080028e1   Thumb Code   192  stm32f1xx_hal_tim.o(.text.HAL_TIM_PWM_Init)
    HAL_TIM_PWM_MspInit                      0x080029a1   Thumb Code     2  stm32f1xx_hal_tim.o(.text.HAL_TIM_PWM_MspInit)
    HAL_TIM_PWM_PulseFinishedCallback        0x080029a5   Thumb Code     2  stm32f1xx_hal_tim.o(.text.HAL_TIM_PWM_PulseFinishedCallback)
    HAL_TIM_PWM_Start                        0x080029a9   Thumb Code   180  stm32f1xx_hal_tim.o(.text.HAL_TIM_PWM_Start)
    HAL_TIM_PeriodElapsedCallback            0x08002a5d   Thumb Code   524  main.o(.text.HAL_TIM_PeriodElapsedCallback)
    HAL_TIM_TriggerCallback                  0x08002c71   Thumb Code     2  stm32f1xx_hal_tim.o(.text.HAL_TIM_TriggerCallback)
    HAL_UARTEx_RxEventCallback               0x08002c75   Thumb Code     2  stm32f1xx_hal_uart.o(.text.HAL_UARTEx_RxEventCallback)
    HAL_UART_ErrorCallback                   0x08002c79   Thumb Code     2  stm32f1xx_hal_uart.o(.text.HAL_UART_ErrorCallback)
    HAL_UART_IRQHandler                      0x08002c7d   Thumb Code   770  stm32f1xx_hal_uart.o(.text.HAL_UART_IRQHandler)
    HAL_UART_Init                            0x08002f81   Thumb Code   224  stm32f1xx_hal_uart.o(.text.HAL_UART_Init)
    HAL_UART_MspInit                         0x08003061   Thumb Code   194  stm32f1xx_hal_msp.o(.text.HAL_UART_MspInit)
    HAL_UART_Receive                         0x08003125   Thumb Code   290  stm32f1xx_hal_uart.o(.text.HAL_UART_Receive)
    HAL_UART_RxCpltCallback                  0x08003249   Thumb Code     2  stm32f1xx_hal_uart.o(.text.HAL_UART_RxCpltCallback)
    HAL_UART_Transmit                        0x0800324d   Thumb Code   356  stm32f1xx_hal_uart.o(.text.HAL_UART_Transmit)
    HAL_UART_Transmit_DMA                    0x080033b1   Thumb Code   124  stm32f1xx_hal_uart.o(.text.HAL_UART_Transmit_DMA)
    HAL_UART_TxCpltCallback                  0x0800342d   Thumb Code     2  stm32f1xx_hal_uart.o(.text.HAL_UART_TxCpltCallback)
    HAL_UART_TxHalfCpltCallback              0x08003431   Thumb Code     2  stm32f1xx_hal_uart.o(.text.HAL_UART_TxHalfCpltCallback)
    HardFault_Handler                        0x08003435   Thumb Code     2  stm32f1xx_it.o(.text.HardFault_Handler)
    MemManage_Handler                        0x08003439   Thumb Code     2  stm32f1xx_it.o(.text.MemManage_Handler)
    NMI_Handler                              0x0800343d   Thumb Code     2  stm32f1xx_it.o(.text.NMI_Handler)
    PendSV_Handler                           0x08003441   Thumb Code     2  stm32f1xx_it.o(.text.PendSV_Handler)
    SVC_Handler                              0x08003445   Thumb Code     2  stm32f1xx_it.o(.text.SVC_Handler)
    SysTick_Handler                          0x08003449   Thumb Code     4  stm32f1xx_it.o(.text.SysTick_Handler)
    SystemInit                               0x0800344d   Thumb Code     2  system_stm32f1xx.o(.text.SystemInit)
    TIM2_IRQHandler                          0x08003451   Thumb Code    12  stm32f1xx_it.o(.text.TIM2_IRQHandler)
    USART1_IRQHandler                        0x08003615   Thumb Code    12  stm32f1xx_it.o(.text.USART1_IRQHandler)
    UsageFault_Handler                       0x08003621   Thumb Code     2  stm32f1xx_it.o(.text.UsageFault_Handler)
    lcd_char_cp                              0x08003625   Thumb Code   240  lcd.o(.text.lcd_char_cp)
    lcd_cmd                                  0x08003715   Thumb Code   232  lcd.o(.text.lcd_cmd)
    lcd_init                                 0x080037fd   Thumb Code   692  lcd.o(.text.lcd_init)
    lcd_print                                0x08003ab1   Thumb Code    52  lcd.o(.text.lcd_print)
    main                                     0x08003ae5   Thumb Code  1454  main.o(.text.main)
    __ARM_fpclassify                         0x08004093   Thumb Code    40  fpclassify.o(i.__ARM_fpclassify)
    __kernel_poly                            0x080040bb   Thumb Code   170  poly.o(i.__kernel_poly)
    __mathlib_dbl_divzero                    0x08004165   Thumb Code    12  dunder.o(i.__mathlib_dbl_divzero)
    __mathlib_dbl_infnan2                    0x08004175   Thumb Code     4  dunder.o(i.__mathlib_dbl_infnan2)
    __mathlib_dbl_invalid                    0x08004179   Thumb Code    12  dunder.o(i.__mathlib_dbl_invalid)
    __mathlib_dbl_overflow                   0x08004185   Thumb Code    14  dunder.o(i.__mathlib_dbl_overflow)
    __mathlib_dbl_underflow                  0x08004195   Thumb Code    10  dunder.o(i.__mathlib_dbl_underflow)
    pow                                      0x080041a5   Thumb Code  2532  pow.o(i.pow)
    sqrt                                     0x08004b91   Thumb Code    76  sqrt.o(i.sqrt)
    __aeabi_dadd                             0x08004bdd   Thumb Code     0  daddsub_clz.o(x$fpl$dadd)
    _dadd                                    0x08004bdd   Thumb Code   332  daddsub_clz.o(x$fpl$dadd)
    __fpl_dcheck_NaN1                        0x08004d2d   Thumb Code    10  dcheck1.o(x$fpl$dcheck1)
    __fpl_dcmp_Inf                           0x08004d3d   Thumb Code    24  dcmpi.o(x$fpl$dcmpinf)
    __aeabi_ddiv                             0x08004d55   Thumb Code     0  ddiv.o(x$fpl$ddiv)
    _ddiv                                    0x08004d55   Thumb Code   556  ddiv.o(x$fpl$ddiv)
    __aeabi_d2iz                             0x08005009   Thumb Code     0  dfix.o(x$fpl$dfix)
    _dfix                                    0x08005009   Thumb Code    94  dfix.o(x$fpl$dfix)
    __aeabi_i2d                              0x08005067   Thumb Code     0  dflt_clz.o(x$fpl$dflt)
    _dflt                                    0x08005067   Thumb Code    46  dflt_clz.o(x$fpl$dflt)
    __aeabi_ui2d                             0x08005095   Thumb Code     0  dflt_clz.o(x$fpl$dfltu)
    _dfltu                                   0x08005095   Thumb Code    38  dflt_clz.o(x$fpl$dfltu)
    __aeabi_cdcmple                          0x080050bd   Thumb Code     0  dleqf.o(x$fpl$dleqf)
    _dcmple                                  0x080050bd   Thumb Code   120  dleqf.o(x$fpl$dleqf)
    __fpl_dcmple_InfNaN                      0x0800511f   Thumb Code     0  dleqf.o(x$fpl$dleqf)
    __aeabi_dmul                             0x08005135   Thumb Code     0  dmul.o(x$fpl$dmul)
    _dmul                                    0x08005135   Thumb Code   332  dmul.o(x$fpl$dmul)
    __fpl_dnaninf                            0x08005289   Thumb Code   156  dnaninf.o(x$fpl$dnaninf)
    __fpl_dretinf                            0x08005325   Thumb Code    12  dretinf.o(x$fpl$dretinf)
    __aeabi_cdrcmple                         0x08005331   Thumb Code     0  drleqf.o(x$fpl$drleqf)
    _drcmple                                 0x08005331   Thumb Code   108  drleqf.o(x$fpl$drleqf)
    __aeabi_drsub                            0x0800539d   Thumb Code     0  daddsub_clz.o(x$fpl$drsb)
    _drsb                                    0x0800539d   Thumb Code    22  daddsub_clz.o(x$fpl$drsb)
    _dsqrt                                   0x080053b5   Thumb Code   456  dsqrt_noumaal.o(x$fpl$dsqrt)
    __aeabi_dsub                             0x08005581   Thumb Code     0  daddsub_clz.o(x$fpl$dsub)
    _dsub                                    0x08005581   Thumb Code   472  daddsub_clz.o(x$fpl$dsub)
    __fpl_return_NaN                         0x0800575d   Thumb Code   100  retnan.o(x$fpl$retnan)
    __ARM_scalbn                             0x080057c1   Thumb Code    92  scalbn.o(x$fpl$scalbn)
    __fpl_cmpreturn                          0x0800581d   Thumb Code    48  trapv.o(x$fpl$trapveneer)
    __I$use$fp                               0x0800584c   Number         0  usenofp.o(x$fpl$usenofp)
    __mathlib_zero                           0x080058d8   Data           8  qnan.o(.constdata)
    AHBPrescTable                            0x080058ea   Data          16  system_stm32f1xx.o(.rodata.AHBPrescTable)
    APBPrescTable                            0x080058fa   Data           8  system_stm32f1xx.o(.rodata.APBPrescTable)
    Region$$Table$$Base                      0x08005990   Number         0  anon$$obj.o(Region$$Table)
    Region$$Table$$Limit                     0x080059b0   Number         0  anon$$obj.o(Region$$Table)
    Game_Over                                0x20000000   Data           4  main.o(.data.Game_Over)
    SystemCoreClock                          0x20000004   Data           4  system_stm32f1xx.o(.data.SystemCoreClock)
    Welcome_msg                              0x20000008   Data           4  main.o(.data.Welcome_msg)
    Welcome_msg2                             0x2000000c   Data           4  main.o(.data.Welcome_msg2)
    WinnerText                               0x20000010   Data           4  main.o(.data.WinnerText)
    WinnerText2                              0x20000014   Data           4  main.o(.data.WinnerText2)
    colors                                   0x20000018   Data          64  main.o(.data.colors)
    leds                                     0x2000005e   Data           8  main.o(.data.leds)
    new_line                                 0x20000068   Data           4  main.o(.data.new_line)
    previousLed                              0x2000006c   Data           4  main.o(.data.previousLed)
    uwTickFreq                               0x20000070   Data           1  stm32f1xx_hal.o(.data.uwTickFreq)
    uwTickPrio                               0x20000074   Data           4  stm32f1xx_hal.o(.data.uwTickPrio)
    _random_number_data                      0x20000078   Data         228  rand.o(.bss)
    __libspace_start                         0x2000015c   Data          96  libspace.o(.bss)
    USER1                                    0x200001bc   Data          10  main.o(.bss.USER1)
    __temporary_stack_top$libspace           0x200001bc   Data           0  libspace.o(.bss)
    USER2                                    0x200001c6   Data          10  main.o(.bss.USER2)
    colorNumber_keeper                       0x200001d0   Data           4  main.o(.bss.colorNumber_keeper)
    flag                                     0x200001d4   Data           4  main.o(.bss.flag)
    game_time                                0x200001d8   Data           4  main.o(.bss.game_time)
    hadc1                                    0x200001dc   Data          48  main.o(.bss.hadc1)
    hadc2                                    0x2000020c   Data          48  main.o(.bss.hadc2)
    hdma_usart1_tx                           0x2000023c   Data          68  main.o(.bss.hdma_usart1_tx)
    htim1                                    0x20000280   Data          72  main.o(.bss.htim1)
    htim2                                    0x200002c8   Data          72  main.o(.bss.htim2)
    huart1                                   0x20000310   Data          72  main.o(.bss.huart1)
    ledNumber_keeper                         0x20000358   Data           4  main.o(.bss.ledNumber_keeper)
    score                                    0x2000035c   Data           4  main.o(.bss.score)
    score2                                   0x20000360   Data           4  main.o(.bss.score2)
    score_str                                0x20000364   Data          20  main.o(.bss.score_str)
    score_str2                               0x20000378   Data          20  main.o(.bss.score_str2)
    temp_game_time                           0x2000038c   Data           4  main.o(.bss.temp_game_time)
    uwTick                                   0x20000390   Data           4  stm32f1xx_hal.o(.bss.uwTick)
    winnerScore                              0x20000394   Data           4  main.o(.bss.winnerScore)



==============================================================================

Memory Map of the image

  Image Entry point : 0x080000ed

  Load Region LR_IROM1 (Base: 0x08000000, Size: 0x00005a28, Max: 0x00008000, ABSOLUTE)

    Execution Region ER_IROM1 (Exec base: 0x08000000, Load base: 0x08000000, Size: 0x000059b0, Max: 0x00008000, ABSOLUTE)

    Exec Addr    Load Addr    Size         Type   Attr      Idx    E Section Name        Object

    0x08000000   0x08000000   0x000000ec   Data   RO            3    RESET               startup_stm32f103x6.o
    0x080000ec   0x080000ec   0x00000008   Code   RO         1105  * !!!main             c_w.l(__main.o)
    0x080000f4   0x080000f4   0x0000005c   Code   RO         1361    !!!scatter          c_w.l(__scatter.o)
    0x08000150   0x08000150   0x0000001a   Code   RO         1365    !!handler_copy      c_w.l(__scatter_copy.o)
    0x0800016a   0x0800016a   0x00000002   PAD
    0x0800016c   0x0800016c   0x00000002   Code   RO         1362    !!handler_null      c_w.l(__scatter.o)
    0x0800016e   0x0800016e   0x00000002   PAD
    0x08000170   0x08000170   0x0000001c   Code   RO         1367    !!handler_zi        c_w.l(__scatter_zi.o)
    0x0800018c   0x0800018c   0x00000000   Code   RO         1093    .ARM.Collect$$_printf_percent$$00000000  c_w.l(_printf_percent.o)
    0x0800018c   0x0800018c   0x00000006   Code   RO         1092    .ARM.Collect$$_printf_percent$$00000009  c_w.l(_printf_d.o)
    0x08000192   0x08000192   0x00000006   Code   RO         1091    .ARM.Collect$$_printf_percent$$00000014  c_w.l(_printf_s.o)
    0x08000198   0x08000198   0x00000004   Code   RO         1151    .ARM.Collect$$_printf_percent$$00000017  c_w.l(_printf_percent_end.o)
    0x0800019c   0x0800019c   0x00000002   Code   RO         1290    .ARM.Collect$$libinit$$00000000  c_w.l(libinit.o)
    0x0800019e   0x0800019e   0x00000000   Code   RO         1153    .ARM.Collect$$libinit$$00000002  c_w.l(libinit2.o)
    0x0800019e   0x0800019e   0x00000000   Code   RO         1155    .ARM.Collect$$libinit$$00000004  c_w.l(libinit2.o)
    0x0800019e   0x0800019e   0x00000000   Code   RO         1157    .ARM.Collect$$libinit$$00000006  c_w.l(libinit2.o)
    0x0800019e   0x0800019e   0x00000000   Code   RO         1160    .ARM.Collect$$libinit$$0000000C  c_w.l(libinit2.o)
    0x0800019e   0x0800019e   0x00000000   Code   RO         1162    .ARM.Collect$$libinit$$0000000E  c_w.l(libinit2.o)
    0x0800019e   0x0800019e   0x00000004   Code   RO         1163    .ARM.Collect$$libinit$$0000000F  c_w.l(libinit2.o)
    0x080001a2   0x080001a2   0x00000000   Code   RO         1164    .ARM.Collect$$libinit$$00000010  c_w.l(libinit2.o)
    0x080001a2   0x080001a2   0x00000000   Code   RO         1167    .ARM.Collect$$libinit$$00000013  c_w.l(libinit2.o)
    0x080001a2   0x080001a2   0x00000000   Code   RO         1169    .ARM.Collect$$libinit$$00000015  c_w.l(libinit2.o)
    0x080001a2   0x080001a2   0x00000000   Code   RO         1171    .ARM.Collect$$libinit$$00000017  c_w.l(libinit2.o)
    0x080001a2   0x080001a2   0x00000000   Code   RO         1173    .ARM.Collect$$libinit$$00000019  c_w.l(libinit2.o)
    0x080001a2   0x080001a2   0x00000000   Code   RO         1175    .ARM.Collect$$libinit$$0000001B  c_w.l(libinit2.o)
    0x080001a2   0x080001a2   0x00000000   Code   RO         1177    .ARM.Collect$$libinit$$0000001D  c_w.l(libinit2.o)
    0x080001a2   0x080001a2   0x00000000   Code   RO         1179    .ARM.Collect$$libinit$$0000001F  c_w.l(libinit2.o)
    0x080001a2   0x080001a2   0x00000000   Code   RO         1181    .ARM.Collect$$libinit$$00000021  c_w.l(libinit2.o)
    0x080001a2   0x080001a2   0x00000000   Code   RO         1183    .ARM.Collect$$libinit$$00000023  c_w.l(libinit2.o)
    0x080001a2   0x080001a2   0x00000000   Code   RO         1185    .ARM.Collect$$libinit$$00000025  c_w.l(libinit2.o)
    0x080001a2   0x080001a2   0x00000000   Code   RO         1187    .ARM.Collect$$libinit$$00000027  c_w.l(libinit2.o)
    0x080001a2   0x080001a2   0x00000000   Code   RO         1191    .ARM.Collect$$libinit$$0000002E  c_w.l(libinit2.o)
    0x080001a2   0x080001a2   0x00000000   Code   RO         1193    .ARM.Collect$$libinit$$00000030  c_w.l(libinit2.o)
    0x080001a2   0x080001a2   0x00000000   Code   RO         1195    .ARM.Collect$$libinit$$00000032  c_w.l(libinit2.o)
    0x080001a2   0x080001a2   0x00000000   Code   RO         1197    .ARM.Collect$$libinit$$00000034  c_w.l(libinit2.o)
    0x080001a2   0x080001a2   0x00000002   Code   RO         1198    .ARM.Collect$$libinit$$00000035  c_w.l(libinit2.o)
    0x080001a4   0x080001a4   0x00000002   Code   RO         1291    .ARM.Collect$$libshutdown$$00000000  c_w.l(libshutdown.o)
    0x080001a6   0x080001a6   0x00000000   Code   RO         1310    .ARM.Collect$$libshutdown$$00000002  c_w.l(libshutdown2.o)
    0x080001a6   0x080001a6   0x00000000   Code   RO         1312    .ARM.Collect$$libshutdown$$00000004  c_w.l(libshutdown2.o)
    0x080001a6   0x080001a6   0x00000000   Code   RO         1315    .ARM.Collect$$libshutdown$$00000007  c_w.l(libshutdown2.o)
    0x080001a6   0x080001a6   0x00000000   Code   RO         1318    .ARM.Collect$$libshutdown$$0000000A  c_w.l(libshutdown2.o)
    0x080001a6   0x080001a6   0x00000000   Code   RO         1320    .ARM.Collect$$libshutdown$$0000000C  c_w.l(libshutdown2.o)
    0x080001a6   0x080001a6   0x00000000   Code   RO         1323    .ARM.Collect$$libshutdown$$0000000F  c_w.l(libshutdown2.o)
    0x080001a6   0x080001a6   0x00000002   Code   RO         1324    .ARM.Collect$$libshutdown$$00000010  c_w.l(libshutdown2.o)
    0x080001a8   0x080001a8   0x00000000   Code   RO         1138    .ARM.Collect$$rtentry$$00000000  c_w.l(__rtentry.o)
    0x080001a8   0x080001a8   0x00000000   Code   RO         1232    .ARM.Collect$$rtentry$$00000002  c_w.l(__rtentry2.o)
    0x080001a8   0x080001a8   0x00000006   Code   RO         1244    .ARM.Collect$$rtentry$$00000004  c_w.l(__rtentry4.o)
    0x080001ae   0x080001ae   0x00000000   Code   RO         1234    .ARM.Collect$$rtentry$$00000009  c_w.l(__rtentry2.o)
    0x080001ae   0x080001ae   0x00000004   Code   RO         1235    .ARM.Collect$$rtentry$$0000000A  c_w.l(__rtentry2.o)
    0x080001b2   0x080001b2   0x00000000   Code   RO         1237    .ARM.Collect$$rtentry$$0000000C  c_w.l(__rtentry2.o)
    0x080001b2   0x080001b2   0x00000008   Code   RO         1238    .ARM.Collect$$rtentry$$0000000D  c_w.l(__rtentry2.o)
    0x080001ba   0x080001ba   0x00000002   Code   RO         1139    .ARM.Collect$$rtexit$$00000000  c_w.l(rtexit.o)
    0x080001bc   0x080001bc   0x00000000   Code   RO         1247    .ARM.Collect$$rtexit$$00000002  c_w.l(rtexit2.o)
    0x080001bc   0x080001bc   0x00000004   Code   RO         1248    .ARM.Collect$$rtexit$$00000003  c_w.l(rtexit2.o)
    0x080001c0   0x080001c0   0x00000006   Code   RO         1249    .ARM.Collect$$rtexit$$00000004  c_w.l(rtexit2.o)
    0x080001c6   0x080001c6   0x00000002   PAD
    0x080001c8   0x080001c8   0x00000034   Code   RO         1094    .emb_text           c_w.l(rand.o)
    0x080001fc   0x080001fc   0x00000040   Code   RO            4    .text               startup_stm32f103x6.o
    0x0800023c   0x0800023c   0x00000028   Code   RO         1063    .text               c_w.l(noretval__2sprintf.o)
    0x08000264   0x08000264   0x00000068   Code   RO         1065    .text               c_w.l(__printf.o)
    0x080002cc   0x080002cc   0x00000052   Code   RO         1067    .text               c_w.l(_printf_str.o)
    0x0800031e   0x0800031e   0x00000002   PAD
    0x08000320   0x08000320   0x00000078   Code   RO         1069    .text               c_w.l(_printf_dec.o)
    0x08000398   0x08000398   0x0000003c   Code   RO         1095    .text               c_w.l(rand.o)
    0x080003d4   0x080003d4   0x00000012   Code   RO         1099    .text               c_w.l(exit.o)
    0x080003e6   0x080003e6   0x0000004e   Code   RO         1101    .text               c_w.l(rt_memclr_w.o)
    0x08000434   0x08000434   0x00000006   Code   RO         1103    .text               c_w.l(heapauxi.o)
    0x0800043a   0x0800043a   0x00000016   Code   RO         1141    .text               c_w.l(_rserrno.o)
    0x08000450   0x08000450   0x000000b2   Code   RO         1143    .text               c_w.l(_printf_intcommon.o)
    0x08000502   0x08000502   0x00000002   PAD
    0x08000504   0x08000504   0x00000030   Code   RO         1145    .text               c_w.l(_printf_char_common.o)
    0x08000534   0x08000534   0x0000000a   Code   RO         1147    .text               c_w.l(_sputc.o)
    0x0800053e   0x0800053e   0x0000002c   Code   RO         1149    .text               c_w.l(_printf_char.o)
    0x0800056a   0x0800056a   0x00000002   PAD
    0x0800056c   0x0800056c   0x00000008   Code   RO         1256    .text               c_w.l(rt_errno_addr_intlibspace.o)
    0x08000574   0x08000574   0x0000000c   Code   RO         1270    .text               c_w.l(sys_exit.o)
    0x08000580   0x08000580   0x00000008   Code   RO         1274    .text               c_w.l(libspace.o)
    0x08000588   0x08000588   0x0000004a   Code   RO         1277    .text               c_w.l(sys_stackheap_outer.o)
    0x080005d2   0x080005d2   0x00000002   Code   RO         1300    .text               c_w.l(use_no_semi.o)
    0x080005d4   0x080005d4   0x00000000   Code   RO         1302    .text               c_w.l(indicate_semi.o)
    0x080005d4   0x080005d4   0x0000001e   Code   RO          123    .text.ADC1_2_IRQHandler  stm32f1xx_it.o
    0x080005f2   0x080005f2   0x00000002   PAD
    0x080005f4   0x080005f4   0x00000056   Code   RO          180    .text.ADC_ConversionStop_Disable  stm32f1xx_hal_adc.o
    0x0800064a   0x0800064a   0x00000002   PAD
    0x0800064c   0x0800064c   0x0000008c   Code   RO          188    .text.ADC_Enable    stm32f1xx_hal_adc.o
    0x080006d8   0x080006d8   0x00000002   Code   RO          109    .text.BusFault_Handler  stm32f1xx_it.o
    0x080006da   0x080006da   0x00000002   PAD
    0x080006dc   0x080006dc   0x0000000c   Code   RO          121    .text.DMA1_Channel4_IRQHandler  stm32f1xx_it.o
    0x080006e8   0x080006e8   0x00000002   Code   RO          115    .text.DebugMon_Handler  stm32f1xx_it.o
    0x080006ea   0x080006ea   0x00000002   PAD
    0x080006ec   0x080006ec   0x00000016   Code   RO          129    .text.EXTI15_10_IRQHandler  stm32f1xx_it.o
    0x08000702   0x08000702   0x00000002   PAD
    0x08000704   0x08000704   0x0000000a   Code   RO           47    .text.Error_Handler  main.o
    0x0800070e   0x0800070e   0x00000002   PAD
    0x08000710   0x08000710   0x000000ea   Code   RO          238    .text.HAL_ADCEx_Calibration_Start  stm32f1xx_hal_adc_ex.o
    0x080007fa   0x080007fa   0x00000002   PAD
    0x080007fc   0x080007fc   0x00000002   Code   RO          258    .text.HAL_ADCEx_InjectedConvCpltCallback  stm32f1xx_hal_adc_ex.o
    0x080007fe   0x080007fe   0x00000002   PAD
    0x08000800   0x08000800   0x0000010e   Code   RO          222    .text.HAL_ADC_ConfigChannel  stm32f1xx_hal_adc.o
    0x0800090e   0x0800090e   0x00000002   PAD
    0x08000910   0x08000910   0x0000009a   Code   RO           53    .text.HAL_ADC_ConvCpltCallback  main.o
    0x080009aa   0x080009aa   0x00000002   PAD
    0x080009ac   0x080009ac   0x00000006   Code   RO          210    .text.HAL_ADC_GetValue  stm32f1xx_hal_adc.o
    0x080009b2   0x080009b2   0x00000002   PAD
    0x080009b4   0x080009b4   0x000000ee   Code   RO          212    .text.HAL_ADC_IRQHandler  stm32f1xx_hal_adc.o
    0x08000aa2   0x08000aa2   0x00000002   PAD
    0x08000aa4   0x08000aa4   0x00000160   Code   RO          176    .text.HAL_ADC_Init  stm32f1xx_hal_adc.o
    0x08000c04   0x08000c04   0x00000002   Code   RO          216    .text.HAL_ADC_LevelOutOfWindowCallback  stm32f1xx_hal_adc.o
    0x08000c06   0x08000c06   0x00000002   PAD
    0x08000c08   0x08000c08   0x000000b0   Code   RO          140    .text.HAL_ADC_MspInit  stm32f1xx_hal_msp.o
    0x08000cb8   0x08000cb8   0x0000018c   Code   RO          192    .text.HAL_ADC_PollForConversion  stm32f1xx_hal_adc.o
    0x08000e44   0x08000e44   0x000000e2   Code   RO          186    .text.HAL_ADC_Start  stm32f1xx_hal_adc.o
    0x08000f26   0x08000f26   0x00000002   PAD
    0x08000f28   0x08000f28   0x000000ea   Code   RO          196    .text.HAL_ADC_Start_IT  stm32f1xx_hal_adc.o
    0x08001012   0x08001012   0x00000002   PAD
    0x08001014   0x08001014   0x0000008c   Code   RO          190    .text.HAL_ADC_Stop  stm32f1xx_hal_adc.o
    0x080010a0   0x080010a0   0x00000094   Code   RO          198    .text.HAL_ADC_Stop_IT  stm32f1xx_hal_adc.o
    0x08001134   0x08001134   0x00000040   Code   RO          417    .text.HAL_DMA_Abort  stm32f1xx_hal_dma.o
    0x08001174   0x08001174   0x000000b0   Code   RO          419    .text.HAL_DMA_Abort_IT  stm32f1xx_hal_dma.o
    0x08001224   0x08001224   0x00000168   Code   RO          423    .text.HAL_DMA_IRQHandler  stm32f1xx_hal_dma.o
    0x0800138c   0x0800138c   0x00000086   Code   RO          409    .text.HAL_DMA_Init  stm32f1xx_hal_dma.o
    0x08001412   0x08001412   0x00000002   PAD
    0x08001414   0x08001414   0x0000009c   Code   RO          415    .text.HAL_DMA_Start_IT  stm32f1xx_hal_dma.o
    0x080014b0   0x080014b0   0x00000028   Code   RO          292    .text.HAL_Delay     stm32f1xx_hal.o
    0x080014d8   0x080014d8   0x000000a8   Code   RO           51    .text.HAL_GPIO_EXTI_Callback  main.o
    0x08001580   0x08001580   0x00000016   Code   RO          397    .text.HAL_GPIO_EXTI_IRQHandler  stm32f1xx_hal_gpio.o
    0x08001596   0x08001596   0x00000002   PAD
    0x08001598   0x08001598   0x000001f2   Code   RO          385    .text.HAL_GPIO_Init  stm32f1xx_hal_gpio.o
    0x0800178a   0x0800178a   0x00000002   PAD
    0x0800178c   0x0800178c   0x0000000a   Code   RO          391    .text.HAL_GPIO_WritePin  stm32f1xx_hal_gpio.o
    0x08001796   0x08001796   0x00000002   PAD
    0x08001798   0x08001798   0x0000000c   Code   RO          284    .text.HAL_GetTick   stm32f1xx_hal.o
    0x080017a4   0x080017a4   0x0000001a   Code   RO          282    .text.HAL_IncTick   stm32f1xx_hal.o
    0x080017be   0x080017be   0x00000002   PAD
    0x080017c0   0x080017c0   0x00000026   Code   RO          272    .text.HAL_Init      stm32f1xx_hal.o
    0x080017e6   0x080017e6   0x00000002   PAD
    0x080017e8   0x080017e8   0x00000050   Code   RO          274    .text.HAL_InitTick  stm32f1xx_hal.o
    0x08001838   0x08001838   0x00000042   Code   RO          138    .text.HAL_MspInit   stm32f1xx_hal_msp.o
    0x0800187a   0x0800187a   0x00000002   PAD
    0x0800187c   0x0800187c   0x00000020   Code   RO          445    .text.HAL_NVIC_EnableIRQ  stm32f1xx_hal_cortex.o
    0x0800189c   0x0800189c   0x00000056   Code   RO          443    .text.HAL_NVIC_SetPriority  stm32f1xx_hal_cortex.o
    0x080018f2   0x080018f2   0x00000002   PAD
    0x080018f4   0x080018f4   0x00000020   Code   RO          441    .text.HAL_NVIC_SetPriorityGrouping  stm32f1xx_hal_cortex.o
    0x08001914   0x08001914   0x000000fc   Code   RO          375    .text.HAL_RCCEx_GetPeriphCLKFreq  stm32f1xx_hal_rcc_ex.o
    0x08001a10   0x08001a10   0x000000fe   Code   RO          371    .text.HAL_RCCEx_PeriphCLKConfig  stm32f1xx_hal_rcc_ex.o
    0x08001b0e   0x08001b0e   0x00000002   PAD
    0x08001b10   0x08001b10   0x000001ba   Code   RO          337    .text.HAL_RCC_ClockConfig  stm32f1xx_hal_rcc.o
    0x08001cca   0x08001cca   0x00000002   PAD
    0x08001ccc   0x08001ccc   0x00000026   Code   RO          349    .text.HAL_RCC_GetPCLK1Freq  stm32f1xx_hal_rcc.o
    0x08001cf2   0x08001cf2   0x00000002   PAD
    0x08001cf4   0x08001cf4   0x00000026   Code   RO          351    .text.HAL_RCC_GetPCLK2Freq  stm32f1xx_hal_rcc.o
    0x08001d1a   0x08001d1a   0x00000002   PAD
    0x08001d1c   0x08001d1c   0x00000340   Code   RO          335    .text.HAL_RCC_OscConfig  stm32f1xx_hal_rcc.o
    0x0800205c   0x0800205c   0x0000002c   Code   RO          453    .text.HAL_SYSTICK_Config  stm32f1xx_hal_cortex.o
    0x08002088   0x08002088   0x00000002   Code   RO          911    .text.HAL_TIMEx_BreakCallback  stm32f1xx_hal_tim_ex.o
    0x0800208a   0x0800208a   0x00000002   PAD
    0x0800208c   0x0800208c   0x00000002   Code   RO          907    .text.HAL_TIMEx_CommutCallback  stm32f1xx_hal_tim_ex.o
    0x0800208e   0x0800208e   0x00000002   PAD
    0x08002090   0x08002090   0x00000050   Code   RO          903    .text.HAL_TIMEx_ConfigBreakDeadTime  stm32f1xx_hal_tim_ex.o
    0x080020e0   0x080020e0   0x00000068   Code   RO          901    .text.HAL_TIMEx_MasterConfigSynchronization  stm32f1xx_hal_tim_ex.o
    0x08002148   0x08002148   0x000000c0   Code   RO          606    .text.HAL_TIM_Base_Init  stm32f1xx_hal_tim.o
    0x08002208   0x08002208   0x00000066   Code   RO          144    .text.HAL_TIM_Base_MspInit  stm32f1xx_hal_msp.o
    0x0800226e   0x0800226e   0x00000002   PAD
    0x08002270   0x08002270   0x0000004c   Code   RO          616    .text.HAL_TIM_Base_Start  stm32f1xx_hal_tim.o
    0x080022bc   0x080022bc   0x00000054   Code   RO          620    .text.HAL_TIM_Base_Start_IT  stm32f1xx_hal_tim.o
    0x08002310   0x08002310   0x0000002a   Code   RO          618    .text.HAL_TIM_Base_Stop  stm32f1xx_hal_tim.o
    0x0800233a   0x0800233a   0x00000002   PAD
    0x0800233c   0x0800233c   0x00000032   Code   RO          622    .text.HAL_TIM_Base_Stop_IT  stm32f1xx_hal_tim.o
    0x0800236e   0x0800236e   0x00000002   PAD
    0x08002370   0x08002370   0x000001a2   Code   RO          786    .text.HAL_TIM_ConfigClockSource  stm32f1xx_hal_tim.o
    0x08002512   0x08002512   0x00000002   PAD
    0x08002514   0x08002514   0x00000002   Code   RO          742    .text.HAL_TIM_IC_CaptureCallback  stm32f1xx_hal_tim.o
    0x08002516   0x08002516   0x00000002   PAD
    0x08002518   0x08002518   0x0000016a   Code   RO          740    .text.HAL_TIM_IRQHandler  stm32f1xx_hal_tim.o
    0x08002682   0x08002682   0x00000002   PAD
    0x08002684   0x08002684   0x00000058   Code   RO          146    .text.HAL_TIM_MspPostInit  stm32f1xx_hal_msp.o
    0x080026dc   0x080026dc   0x00000002   Code   RO          744    .text.HAL_TIM_OC_DelayElapsedCallback  stm32f1xx_hal_tim.o
    0x080026de   0x080026de   0x00000002   PAD
    0x080026e0   0x080026e0   0x000001fe   Code   RO          760    .text.HAL_TIM_PWM_ConfigChannel  stm32f1xx_hal_tim.o
    0x080028de   0x080028de   0x00000002   PAD
    0x080028e0   0x080028e0   0x000000c0   Code   RO          660    .text.HAL_TIM_PWM_Init  stm32f1xx_hal_tim.o
    0x080029a0   0x080029a0   0x00000002   Code   RO          662    .text.HAL_TIM_PWM_MspInit  stm32f1xx_hal_tim.o
    0x080029a2   0x080029a2   0x00000002   PAD
    0x080029a4   0x080029a4   0x00000002   Code   RO          746    .text.HAL_TIM_PWM_PulseFinishedCallback  stm32f1xx_hal_tim.o
    0x080029a6   0x080029a6   0x00000002   PAD
    0x080029a8   0x080029a8   0x000000b4   Code   RO          668    .text.HAL_TIM_PWM_Start  stm32f1xx_hal_tim.o
    0x08002a5c   0x08002a5c   0x00000214   Code   RO           49    .text.HAL_TIM_PeriodElapsedCallback  main.o
    0x08002c70   0x08002c70   0x00000002   Code   RO          750    .text.HAL_TIM_TriggerCallback  stm32f1xx_hal_tim.o
    0x08002c72   0x08002c72   0x00000002   PAD
    0x08002c74   0x08002c74   0x00000002   Code   RO         1009    .text.HAL_UARTEx_RxEventCallback  stm32f1xx_hal_uart.o
    0x08002c76   0x08002c76   0x00000002   PAD
    0x08002c78   0x08002c78   0x00000002   Code   RO         1007    .text.HAL_UART_ErrorCallback  stm32f1xx_hal_uart.o
    0x08002c7a   0x08002c7a   0x00000002   PAD
    0x08002c7c   0x08002c7c   0x00000302   Code   RO         1001    .text.HAL_UART_IRQHandler  stm32f1xx_hal_uart.o
    0x08002f7e   0x08002f7e   0x00000002   PAD
    0x08002f80   0x08002f80   0x000000e0   Code   RO          925    .text.HAL_UART_Init  stm32f1xx_hal_uart.o
    0x08003060   0x08003060   0x000000c2   Code   RO          150    .text.HAL_UART_MspInit  stm32f1xx_hal_msp.o
    0x08003122   0x08003122   0x00000002   PAD
    0x08003124   0x08003124   0x00000122   Code   RO          941    .text.HAL_UART_Receive  stm32f1xx_hal_uart.o
    0x08003246   0x08003246   0x00000002   PAD
    0x08003248   0x08003248   0x00000002   Code   RO         1015    .text.HAL_UART_RxCpltCallback  stm32f1xx_hal_uart.o
    0x0800324a   0x0800324a   0x00000002   PAD
    0x0800324c   0x0800324c   0x00000164   Code   RO          939    .text.HAL_UART_Transmit  stm32f1xx_hal_uart.o
    0x080033b0   0x080033b0   0x0000007c   Code   RO          949    .text.HAL_UART_Transmit_DMA  stm32f1xx_hal_uart.o
    0x0800342c   0x0800342c   0x00000002   Code   RO         1011    .text.HAL_UART_TxCpltCallback  stm32f1xx_hal_uart.o
    0x0800342e   0x0800342e   0x00000002   PAD
    0x08003430   0x08003430   0x00000002   Code   RO         1013    .text.HAL_UART_TxHalfCpltCallback  stm32f1xx_hal_uart.o
    0x08003432   0x08003432   0x00000002   PAD
    0x08003434   0x08003434   0x00000002   Code   RO          105    .text.HardFault_Handler  stm32f1xx_it.o
    0x08003436   0x08003436   0x00000002   PAD
    0x08003438   0x08003438   0x00000002   Code   RO          107    .text.MemManage_Handler  stm32f1xx_it.o
    0x0800343a   0x0800343a   0x00000002   PAD
    0x0800343c   0x0800343c   0x00000002   Code   RO          103    .text.NMI_Handler   stm32f1xx_it.o
    0x0800343e   0x0800343e   0x00000002   PAD
    0x08003440   0x08003440   0x00000002   Code   RO          117    .text.PendSV_Handler  stm32f1xx_it.o
    0x08003442   0x08003442   0x00000002   PAD
    0x08003444   0x08003444   0x00000002   Code   RO          113    .text.SVC_Handler   stm32f1xx_it.o
    0x08003446   0x08003446   0x00000002   PAD
    0x08003448   0x08003448   0x00000004   Code   RO          119    .text.SysTick_Handler  stm32f1xx_it.o
    0x0800344c   0x0800344c   0x00000002   Code   RO         1045    .text.SystemInit    system_stm32f1xx.o
    0x0800344e   0x0800344e   0x00000002   PAD
    0x08003450   0x08003450   0x0000000c   Code   RO          125    .text.TIM2_IRQHandler  stm32f1xx_it.o
    0x0800345c   0x0800345c   0x0000000c   Code   RO         1005    .text.UART_DMAAbortOnError  stm32f1xx_hal_uart.o
    0x08003468   0x08003468   0x000000a2   Code   RO          955    .text.UART_DMAError  stm32f1xx_hal_uart.o
    0x0800350a   0x0800350a   0x00000002   PAD
    0x0800350c   0x0800350c   0x0000003e   Code   RO          951    .text.UART_DMATransmitCplt  stm32f1xx_hal_uart.o
    0x0800354a   0x0800354a   0x00000002   PAD
    0x0800354c   0x0800354c   0x00000006   Code   RO          953    .text.UART_DMATxHalfCplt  stm32f1xx_hal_uart.o
    0x08003552   0x08003552   0x00000002   PAD
    0x08003554   0x08003554   0x000000be   Code   RO         1003    .text.UART_Receive_IT  stm32f1xx_hal_uart.o
    0x08003612   0x08003612   0x00000002   PAD
    0x08003614   0x08003614   0x0000000c   Code   RO          127    .text.USART1_IRQHandler  stm32f1xx_it.o
    0x08003620   0x08003620   0x00000002   Code   RO          111    .text.UsageFault_Handler  stm32f1xx_it.o
    0x08003622   0x08003622   0x00000002   PAD
    0x08003624   0x08003624   0x000000f0   Code   RO           17    .text.lcd_char_cp   lcd.o
    0x08003714   0x08003714   0x000000e8   Code   RO           15    .text.lcd_cmd       lcd.o
    0x080037fc   0x080037fc   0x000002b4   Code   RO           21    .text.lcd_init      lcd.o
    0x08003ab0   0x08003ab0   0x00000034   Code   RO           27    .text.lcd_print     lcd.o
    0x08003ae4   0x08003ae4   0x000005ae   Code   RO           43    .text.main          main.o
    0x08004092   0x08004092   0x00000028   Code   RO         1222    i.__ARM_fpclassify  m_ws.l(fpclassify.o)
    0x080040ba   0x080040ba   0x000000aa   Code   RO         1224    i.__kernel_poly     m_ws.l(poly.o)
    0x08004164   0x08004164   0x00000010   Code   RO         1208    i.__mathlib_dbl_divzero  m_ws.l(dunder.o)
    0x08004174   0x08004174   0x00000004   Code   RO         1210    i.__mathlib_dbl_infnan2  m_ws.l(dunder.o)
    0x08004178   0x08004178   0x0000000c   Code   RO         1211    i.__mathlib_dbl_invalid  m_ws.l(dunder.o)
    0x08004184   0x08004184   0x0000000e   Code   RO         1212    i.__mathlib_dbl_overflow  m_ws.l(dunder.o)
    0x08004192   0x08004192   0x00000002   PAD
    0x08004194   0x08004194   0x00000010   Code   RO         1214    i.__mathlib_dbl_underflow  m_ws.l(dunder.o)
    0x080041a4   0x080041a4   0x000009ec   Code   RO         1134    i.pow               m_ws.l(pow.o)
    0x08004b90   0x08004b90   0x0000004c   Code   RO         1228    i.sqrt              m_ws.l(sqrt.o)
    0x08004bdc   0x08004bdc   0x00000150   Code   RO         1107    x$fpl$dadd          fz_ws.l(daddsub_clz.o)
    0x08004d2c   0x08004d2c   0x00000010   Code   RO         1262    x$fpl$dcheck1       fz_ws.l(dcheck1.o)
    0x08004d3c   0x08004d3c   0x00000018   Code   RO         1292    x$fpl$dcmpinf       fz_ws.l(dcmpi.o)
    0x08004d54   0x08004d54   0x000002b4   Code   RO         1114    x$fpl$ddiv          fz_ws.l(ddiv.o)
    0x08005008   0x08005008   0x0000005e   Code   RO         1117    x$fpl$dfix          fz_ws.l(dfix.o)
    0x08005066   0x08005066   0x0000002e   Code   RO         1126    x$fpl$dflt          fz_ws.l(dflt_clz.o)
    0x08005094   0x08005094   0x00000026   Code   RO         1125    x$fpl$dfltu         fz_ws.l(dflt_clz.o)
    0x080050ba   0x080050ba   0x00000002   PAD
    0x080050bc   0x080050bc   0x00000078   Code   RO         1264    x$fpl$dleqf         fz_ws.l(dleqf.o)
    0x08005134   0x08005134   0x00000154   Code   RO         1131    x$fpl$dmul          fz_ws.l(dmul.o)
    0x08005288   0x08005288   0x0000009c   Code   RO         1199    x$fpl$dnaninf       fz_ws.l(dnaninf.o)
    0x08005324   0x08005324   0x0000000c   Code   RO         1201    x$fpl$dretinf       fz_ws.l(dretinf.o)
    0x08005330   0x08005330   0x0000006c   Code   RO         1203    x$fpl$drleqf        fz_ws.l(drleqf.o)
    0x0800539c   0x0800539c   0x00000016   Code   RO         1108    x$fpl$drsb          fz_ws.l(daddsub_clz.o)
    0x080053b2   0x080053b2   0x00000002   PAD
    0x080053b4   0x080053b4   0x000001cc   Code   RO         1266    x$fpl$dsqrt         fz_ws.l(dsqrt_noumaal.o)
    0x08005580   0x08005580   0x000001dc   Code   RO         1109    x$fpl$dsub          fz_ws.l(daddsub_clz.o)
    0x0800575c   0x0800575c   0x00000064   Code   RO         1294    x$fpl$retnan        fz_ws.l(retnan.o)
    0x080057c0   0x080057c0   0x0000005c   Code   RO         1205    x$fpl$scalbn        fz_ws.l(scalbn.o)
    0x0800581c   0x0800581c   0x00000030   Code   RO         1325    x$fpl$trapveneer    fz_ws.l(trapv.o)
    0x0800584c   0x0800584c   0x00000000   Code   RO         1207    x$fpl$usenofp       fz_ws.l(usenofp.o)
    0x0800584c   0x0800584c   0x00000004   PAD
    0x08005850   0x08005850   0x00000088   Data   RO         1135    .constdata          m_ws.l(pow.o)
    0x080058d8   0x080058d8   0x00000008   Data   RO         1226    .constdata          m_ws.l(qnan.o)
    0x080058e0   0x080058e0   0x0000000a   Data   RO           79    .rodata..L__const.main.song  main.o
    0x080058ea   0x080058ea   0x00000010   Data   RO         1050    .rodata.AHBPrescTable  system_stm32f1xx.o
    0x080058fa   0x080058fa   0x00000008   Data   RO         1051    .rodata.APBPrescTable  system_stm32f1xx.o
    0x08005902   0x08005902   0x00000002   Data   RO          362    .rodata.HAL_RCC_GetSysClockFreq.aPredivFactorTable  stm32f1xx_hal_rcc.o
    0x08005904   0x08005904   0x00000010   Data   RO          361    .rodata.cst16       stm32f1xx_hal_rcc.o
    0x08005914   0x08005914   0x00000079   Data   RO           60    .rodata.str1.1      main.o
    0x0800598d   0x0800598d   0x00000003   PAD
    0x08005990   0x08005990   0x00000020   Data   RO         1360    Region$$Table       anon$$obj.o


    Execution Region RW_IRAM1 (Exec base: 0x20000000, Load base: 0x080059b0, Size: 0x00000998, Max: 0x00002800, ABSOLUTE)

    Exec Addr    Load Addr    Size         Type   Attr      Idx    E Section Name        Object

    0x20000000   0x080059b0   0x00000004   Data   RW           61    .data.Game_Over     main.o
    0x20000004   0x080059b4   0x00000004   Data   RW         1049    .data.SystemCoreClock  system_stm32f1xx.o
    0x20000008   0x080059b8   0x00000004   Data   RW           68    .data.Welcome_msg   main.o
    0x2000000c   0x080059bc   0x00000004   Data   RW           70    .data.Welcome_msg2  main.o
    0x20000010   0x080059c0   0x00000004   Data   RW           65    .data.WinnerText    main.o
    0x20000014   0x080059c4   0x00000004   Data   RW           66    .data.WinnerText2   main.o
    0x20000018   0x080059c8   0x00000040   Data   RW           62    .data.colors        main.o
    0x20000058   0x08005a08   0x00000004   Data   RW           91    .data.current_period  main.o
    0x2000005c   0x08005a0c   0x00000002   Data   RW           90    .data.current_prescaler  main.o
    0x2000005e   0x08005a0e   0x00000008   Data   RW           59    .data.leds          main.o
    0x20000066   0x08005a16   0x00000002   PAD
    0x20000068   0x08005a18   0x00000004   Data   RW           69    .data.new_line      main.o
    0x2000006c   0x08005a1c   0x00000004   Data   RW           80    .data.previousLed   main.o
    0x20000070   0x08005a20   0x00000001   Data   RW          323    .data.uwTickFreq    stm32f1xx_hal.o
    0x20000071   0x08005a21   0x00000003   PAD
    0x20000074   0x08005a24   0x00000004   Data   RW          322    .data.uwTickPrio    stm32f1xx_hal.o
    0x20000078        -       0x000000e4   Zero   RW         1096    .bss                c_w.l(rand.o)
    0x2000015c        -       0x00000060   Zero   RW         1275    .bss                c_w.l(libspace.o)
    0x200001bc        -       0x0000000a   Zero   RW           75    .bss.USER1          main.o
    0x200001c6        -       0x0000000a   Zero   RW           76    .bss.USER2          main.o
    0x200001d0        -       0x00000004   Zero   RW           83    .bss.colorNumber_keeper  main.o
    0x200001d4        -       0x00000004   Zero   RW           82    .bss.flag           main.o
    0x200001d8        -       0x00000004   Zero   RW           63    .bss.game_time      main.o
    0x200001dc        -       0x00000030   Zero   RW           73    .bss.hadc1          main.o
    0x2000020c        -       0x00000030   Zero   RW           78    .bss.hadc2          main.o
    0x2000023c        -       0x00000044   Zero   RW           92    .bss.hdma_usart1_tx  main.o
    0x20000280        -       0x00000048   Zero   RW           77    .bss.htim1          main.o
    0x200002c8        -       0x00000048   Zero   RW           72    .bss.htim2          main.o
    0x20000310        -       0x00000048   Zero   RW           74    .bss.huart1         main.o
    0x20000358        -       0x00000004   Zero   RW           84    .bss.ledNumber_keeper  main.o
    0x2000035c        -       0x00000004   Zero   RW           86    .bss.score          main.o
    0x20000360        -       0x00000004   Zero   RW           88    .bss.score2         main.o
    0x20000364        -       0x00000014   Zero   RW           85    .bss.score_str      main.o
    0x20000378        -       0x00000014   Zero   RW           87    .bss.score_str2     main.o
    0x2000038c        -       0x00000004   Zero   RW           64    .bss.temp_game_time  main.o
    0x20000390        -       0x00000004   Zero   RW          324    .bss.uwTick         stm32f1xx_hal.o
    0x20000394        -       0x00000004   Zero   RW           89    .bss.winnerScore    main.o
    0x20000398        -       0x00000200   Zero   RW            2    HEAP                startup_stm32f103x6.o
    0x20000598        -       0x00000400   Zero   RW            1    STACK               startup_stm32f103x6.o


==============================================================================

Image component sizes


      Code (inc. data)   RO Data    RW Data    ZI Data      Debug   Object Name

      1216          0          0          0          0       4470   lcd.o
      2318          8        131        106        472      16425   main.o
        64         26        236          0       1536        828   startup_stm32f103x6.o
       196          0          0          5          4       5687   stm32f1xx_hal.o
      2238          0          0          0          0      12770   stm32f1xx_hal_adc.o
       236          0          0          0          0       8757   stm32f1xx_hal_adc_ex.o
       194          0          0          0          0       8382   stm32f1xx_hal_cortex.o
       890          0          0          0          0       7630   stm32f1xx_hal_dma.o
       530         20          0          0          0       4667   stm32f1xx_hal_gpio.o
       626          0          0          0          0       9519   stm32f1xx_hal_msp.o
      1350          0         18          0          0       7612   stm32f1xx_hal_rcc.o
       506         20          0          0          0       3630   stm32f1xx_hal_rcc_ex.o
      2116          4          0          0          0      55820   stm32f1xx_hal_tim.o
       188          0          0          0          0      21229   stm32f1xx_hal_tim_ex.o
      2206          0          0          0          0      28122   stm32f1xx_hal_uart.o
       108          0          0          0          0       6897   stm32f1xx_it.o
         2          0         24          4          0       1619   system_stm32f1xx.o

    ----------------------------------------------------------------------
     15102         78        444        120       2012     204064   Object Totals
         0          0         32          0          0          0   (incl. Generated)
       118          0          3          5          0          0   (incl. Padding)

    ----------------------------------------------------------------------

      Code (inc. data)   RO Data    RW Data    ZI Data      Debug   Library Member Name

         8          0          0          0          0         68   __main.o
       104          0          0          0          0         84   __printf.o
         0          0          0          0          0          0   __rtentry.o
        12          0          0          0          0          0   __rtentry2.o
         6          0          0          0          0          0   __rtentry4.o
        94          8          0          0          0          0   __scatter.o
        26          0          0          0          0          0   __scatter_copy.o
        28          0          0          0          0          0   __scatter_zi.o
        44          0          0          0          0        108   _printf_char.o
        48          6          0          0          0         96   _printf_char_common.o
         6          0          0          0          0          0   _printf_d.o
       120         16          0          0          0         92   _printf_dec.o
       178          0          0          0          0         88   _printf_intcommon.o
         0          0          0          0          0          0   _printf_percent.o
         4          0          0          0          0          0   _printf_percent_end.o
         6          0          0          0          0          0   _printf_s.o
        82          0          0          0          0         80   _printf_str.o
        22          0          0          0          0        100   _rserrno.o
        10          0          0          0          0         68   _sputc.o
        18          0          0          0          0         80   exit.o
         6          0          0          0          0        152   heapauxi.o
         0          0          0          0          0          0   indicate_semi.o
         2          0          0          0          0          0   libinit.o
         6          0          0          0          0          0   libinit2.o
         2          0          0          0          0          0   libshutdown.o
         2          0          0          0          0          0   libshutdown2.o
         8          4          0          0         96         68   libspace.o
        40          6          0          0          0         84   noretval__2sprintf.o
       112         18          0          0        228        160   rand.o
         8          4          0          0          0         68   rt_errno_addr_intlibspace.o
        78          0          0          0          0         80   rt_memclr_w.o
         2          0          0          0          0          0   rtexit.o
        10          0          0          0          0          0   rtexit2.o
        12          4          0          0          0         68   sys_exit.o
        74          0          0          0          0         80   sys_stackheap_outer.o
         2          0          0          0          0         68   use_no_semi.o
       834         16          0          0          0        372   daddsub_clz.o
        16          4          0          0          0         68   dcheck1.o
        24          0          0          0          0         68   dcmpi.o
       692        140          0          0          0        216   ddiv.o
        94          4          0          0          0         92   dfix.o
        84          0          0          0          0        136   dflt_clz.o
       120          4          0          0          0         92   dleqf.o
       340         12          0          0          0        104   dmul.o
       156          4          0          0          0         92   dnaninf.o
        12          0          0          0          0         68   dretinf.o
       108          0          0          0          0         80   drleqf.o
       460         56          0          0          0        120   dsqrt_noumaal.o
       100          0          0          0          0         68   retnan.o
        92          0          0          0          0         68   scalbn.o
        48          0          0          0          0         68   trapv.o
         0          0          0          0          0          0   usenofp.o
        62         10          0          0          0        340   dunder.o
        40          0          0          0          0         68   fpclassify.o
       170          0          0          0          0         96   poly.o
      2540        188        136          0          0        332   pow.o
         0          0          8          0          0          0   qnan.o
        76          0          0          0          0         84   sqrt.o

    ----------------------------------------------------------------------
      7270        504        144          0        324       4324   Library Totals
        22          0          0          0          0          0   (incl. Padding)

    ----------------------------------------------------------------------

      Code (inc. data)   RO Data    RW Data    ZI Data      Debug   Library Name

      1180         66          0          0        324       1692   c_w.l
      3180        240          0          0          0       1712   fz_ws.l
      2888        198        144          0          0        920   m_ws.l

    ----------------------------------------------------------------------
      7270        504        144          0        324       4324   Library Totals

    ----------------------------------------------------------------------

==============================================================================


      Code (inc. data)   RO Data    RW Data    ZI Data      Debug   

     22372        582        588        120       2336     205968   Grand Totals
     22372        582        588        120       2336     205968   ELF Image Totals
     22372        582        588        120          0          0   ROM Totals

==============================================================================

    Total RO  Size (Code + RO Data)                22960 (  22.42kB)
    Total RW  Size (RW Data + ZI Data)              2456 (   2.40kB)
    Total ROM Size (Code + RO Data + RW Data)      23080 (  22.54kB)

==============================================================================

